1.0.0.1 - - [22/May/2011:01:20:53 +0200] "GET /debian/dists/jwall/Release HTTP/1.1" 206 1 "-" "Debian Apt-Cacher-NG/0.5.1"
1.0.0.1 - - [22/May/2011:01:20:53 +0200] "GET /debian/dists/jwall/main/binary-amd64/Packages.bz2 HTTP/1.1" 404 330 "-" "Debian Apt-Cacher-NG/0.5.1"
1.0.0.1 - - [22/May/2011:01:20:53 +0200] "GET /debian/dists/jwall/main/binary-amd64/Packages.gz HTTP/1.1" 206 1 "-" "Debian Apt-Cacher-NG/0.5.1"
1.0.0.3 - - [22/May/2011:01:34:43 +0200] "GET /yum/jwall/repodata/repomd.xml HTTP/1.1" 200 951 "-" "urlgrabber/3.1.0 yum/3.2.22"
1.0.0.3 - - [22/May/2011:01:34:43 +0200] "GET /yum/jwall-devel/repodata/repomd.xml HTTP/1.1" 200 951 "-" "urlgrabber/3.1.0 yum/3.2.22"
1.0.0.4 - - [22/May/2011:01:45:07 +0200] "GET /yum/jwall/repodata/repomd.xml HTTP/1.1" 200 951 "-" "urlgrabber/3.1.0 yum/3.2.22"
1.0.0.4 - - [22/May/2011:01:45:08 +0200] "GET /yum/jwall-devel/repodata/repomd.xml HTTP/1.1" 200 951 "-" "urlgrabber/3.1.0 yum/3.2.22"
1.0.0.5 - - [22/May/2011:02:03:30 +0200] "GET /yum/jwall/repodata/repomd.xml HTTP/1.1" 200 951 "-" "urlgrabber/3.1.0 yum/3.2.22"
1.0.0.1 - - [22/May/2011:02:20:52 +0200] "GET /debian/dists/jwall/Release.gpg HTTP/1.1" 206 1 "-" "Debian Apt-Cacher-NG/0.5.1"
1.0.0.1 - - [22/May/2011:02:20:52 +0200] "GET /debian/dists/jwall/main/i18n/Translation-en.bz2 HTTP/1.1" 404 328 "-" "Debian Apt-Cacher-NG/0.5.1"
1.0.0.1 - - [22/May/2011:02:20:52 +0200] "GET /debian/dists/jwall/main/i18n/Translation-en_US.bz2 HTTP/1.1" 404 331 "-" "Debian Apt-Cacher-NG/0.5.1"
1.0.0.1 - - [22/May/2011:02:20:53 +0200] "GET /debian/dists/jwall/Release HTTP/1.1" 206 1 "-" "Debian Apt-Cacher-NG/0.5.1"
1.0.0.1 - - [22/May/2011:02:20:53 +0200] "GET /debian/dists/jwall/main/binary-amd64/Packages.bz2 HTTP/1.1" 404 330 "-" "Debian Apt-Cacher-NG/0.5.1"
1.0.0.1 - - [22/May/2011:02:20:53 +0200] "GET /debian/dists/jwall/main/binary-amd64/Packages.gz HTTP/1.1" 206 1 "-" "Debian Apt-Cacher-NG/0.5.1"
1.0.0.10 - - [22/May/2011:02:20:56 +0200] "GET /yum/jwall/repodata/repomd.xml HTTP/1.0" 200 951 "-" "urlgrabber/3.1.0 yum/3.2.22"
1.0.0.3 - - [22/May/2011:02:34:43 +0200] "GET /yum/jwall/repodata/repomd.xml HTTP/1.1" 200 951 "-" "urlgrabber/3.1.0 yum/3.2.22"
1.0.0.3 - - [22/May/2011:02:34:43 +0200] "GET /yum/jwall-devel/repodata/repomd.xml HTTP/1.1" 200 951 "-" "urlgrabber/3.1.0 yum/3.2.22"
1.0.0.4 - - [22/May/2011:02:45:08 +0200] "GET /yum/jwall/repodata/repomd.xml HTTP/1.1" 200 951 "-" "urlgrabber/3.1.0 yum/3.2.22"
1.0.0.4 - - [22/May/2011:02:45:08 +0200] "GET /yum/jwall-devel/repodata/repomd.xml HTTP/1.1" 200 951 "-" "urlgrabber/3.1.0 yum/3.2.22"
1.0.0.1 - - [22/May/2011:03:20:53 +0200] "GET /debian/dists/jwall/Release.gpg HTTP/1.1" 206 1 "-" "Debian Apt-Cacher-NG/0.5.1"
1.0.0.1 - - [22/May/2011:03:20:53 +0200] "GET /debian/dists/jwall/main/i18n/Translation-en.bz2 HTTP/1.1" 404 328 "-" "Debian Apt-Cacher-NG/0.5.1"
1.0.0.1 - - [22/May/2011:03:20:53 +0200] "GET /debian/dists/jwall/main/i18n/Translation-en_US.bz2 HTTP/1.1" 404 331 "-" "Debian Apt-Cacher-NG/0.5.1"
1.0.0.1 - - [22/May/2011:03:20:53 +0200] "GET /debian/dists/jwall/Release HTTP/1.1" 206 1 "-" "Debian Apt-Cacher-NG/0.5.1"
1.0.0.1 - - [22/May/2011:03:20:53 +0200] "GET /debian/dists/jwall/main/binary-amd64/Packages.bz2 HTTP/1.1" 404 330 "-" "Debian Apt-Cacher-NG/0.5.1"
1.0.0.1 - - [22/May/2011:03:20:53 +0200] "GET /debian/dists/jwall/main/binary-amd64/Packages.gz HTTP/1.1" 206 1 "-" "Debian Apt-Cacher-NG/0.5.1"
1.0.0.3 - - [22/May/2011:03:34:43 +0200] "GET /yum/jwall/repodata/repomd.xml HTTP/1.1" 200 951 "-" "urlgrabber/3.1.0 yum/3.2.22"
1.0.0.3 - - [22/May/2011:03:34:43 +0200] "GET /yum/jwall-devel/repodata/repomd.xml HTTP/1.1" 200 951 "-" "urlgrabber/3.1.0 yum/3.2.22"
1.0.0.4 - - [22/May/2011:03:45:08 +0200] "GET /yum/jwall/repodata/repomd.xml HTTP/1.1" 200 951 "-" "urlgrabber/3.1.0 yum/3.2.22"
1.0.0.4 - - [22/May/2011:03:45:08 +0200] "GET /yum/jwall-devel/repodata/repomd.xml HTTP/1.1" 200 951 "-" "urlgrabber/3.1.0 yum/3.2.22"
1.0.0.5 - - [22/May/2011:04:03:32 +0200] "GET /yum/jwall/repodata/repomd.xml HTTP/1.1" 200 951 "-" "urlgrabber/3.1.0 yum/3.2.22"
1.0.0.1 - - [22/May/2011:04:20:52 +0200] "GET /debian/dists/jwall/Release.gpg HTTP/1.1" 206 1 "-" "Debian Apt-Cacher-NG/0.5.1"
1.0.0.1 - - [22/May/2011:04:20:53 +0200] "GET /debian/dists/jwall/main/i18n/Translation-en.bz2 HTTP/1.1" 404 328 "-" "Debian Apt-Cacher-NG/0.5.1"
1.0.0.1 - - [22/May/2011:04:20:53 +0200] "GET /debian/dists/jwall/main/i18n/Translation-en_US.bz2 HTTP/1.1" 404 331 "-" "Debian Apt-Cacher-NG/0.5.1"
1.0.0.1 - - [22/May/2011:04:20:53 +0200] "GET /debian/dists/jwall/Release HTTP/1.1" 206 1 "-" "Debian Apt-Cacher-NG/0.5.1"
1.0.0.1 - - [22/May/2011:04:20:53 +0200] "GET /debian/dists/jwall/main/binary-amd64/Packages.bz2 HTTP/1.1" 404 330 "-" "Debian Apt-Cacher-NG/0.5.1"
1.0.0.1 - - [22/May/2011:04:20:53 +0200] "GET /debian/dists/jwall/main/binary-amd64/Packages.gz HTTP/1.1" 206 1 "-" "Debian Apt-Cacher-NG/0.5.1"
1.0.0.3 - - [22/May/2011:04:34:44 +0200] "GET /yum/jwall/repodata/repomd.xml HTTP/1.1" 200 951 "-" "urlgrabber/3.1.0 yum/3.2.22"
1.0.0.3 - - [22/May/2011:04:34:44 +0200] "GET /yum/jwall-devel/repodata/repomd.xml HTTP/1.1" 200 951 "-" "urlgrabber/3.1.0 yum/3.2.22"
1.0.0.4 - - [22/May/2011:04:45:08 +0200] "GET /yum/jwall/repodata/repomd.xml HTTP/1.1" 200 951 "-" "urlgrabber/3.1.0 yum/3.2.22"
1.0.0.4 - - [22/May/2011:04:45:08 +0200] "GET /yum/jwall-devel/repodata/repomd.xml HTTP/1.1" 200 951 "-" "urlgrabber/3.1.0 yum/3.2.22"
1.0.0.5 - - [22/May/2011:05:03:32 +0200] "GET /yum/jwall/repodata/repomd.xml HTTP/1.1" 200 951 "-" "urlgrabber/3.1.0 yum/3.2.22"
1.0.0.1 - - [22/May/2011:05:20:52 +0200] "GET /debian/dists/jwall/Release.gpg HTTP/1.1" 206 1 "-" "Debian Apt-Cacher-NG/0.5.1"
1.0.0.1 - - [22/May/2011:05:20:52 +0200] "GET /debian/dists/jwall/main/i18n/Translation-en.bz2 HTTP/1.1" 404 328 "-" "Debian Apt-Cacher-NG/0.5.1"
1.0.0.1 - - [22/May/2011:05:20:52 +0200] "GET /debian/dists/jwall/main/i18n/Translation-en_US.bz2 HTTP/1.1" 404 331 "-" "Debian Apt-Cacher-NG/0.5.1"
1.0.0.1 - - [22/May/2011:05:20:52 +0200] "GET /debian/dists/jwall/Release HTTP/1.1" 206 1 "-" "Debian Apt-Cacher-NG/0.5.1"
1.0.0.1 - - [22/May/2011:05:20:52 +0200] "GET /debian/dists/jwall/main/binary-amd64/Packages.bz2 HTTP/1.1" 404 330 "-" "Debian Apt-Cacher-NG/0.5.1"
1.0.0.1 - - [22/May/2011:05:20:53 +0200] "GET /debian/dists/jwall/main/binary-amd64/Packages.gz HTTP/1.1" 206 1 "-" "Debian Apt-Cacher-NG/0.5.1"
1.0.0.3 - - [22/May/2011:05:34:44 +0200] "GET /yum/jwall/repodata/repomd.xml HTTP/1.1" 200 951 "-" "urlgrabber/3.1.0 yum/3.2.22"
1.0.0.3 - - [22/May/2011:05:34:44 +0200] "GET /yum/jwall-devel/repodata/repomd.xml HTTP/1.1" 200 951 "-" "urlgrabber/3.1.0 yum/3.2.22"
1.0.0.2 - - [22/May/2011:05:40:57 +0200] "GET /debian/dists/jwall/Release.gpg HTTP/1.1" 304 - "-" "Ubuntu APT-HTTP/1.3 (0.7.25.3ubuntu9.4)"
1.0.0.2 - - [22/May/2011:05:40:57 +0200] "GET /debian/dists/jwall/Release HTTP/1.1" 304 - "-" "Ubuntu APT-HTTP/1.3 (0.7.25.3ubuntu9.4)"
1.0.0.2 - - [22/May/2011:05:40:57 +0200] "GET /debian/dists/jwall/main/binary-amd64/Packages.bz2 HTTP/1.1" 404 330 "-" "Ubuntu APT-HTTP/1.3 (0.7.25.3ubuntu9.4)"
1.0.0.2 - - [22/May/2011:05:40:57 +0200] "GET /debian/dists/jwall/main/binary-amd64/Packages.lzma HTTP/1.1" 404 331 "-" "Ubuntu APT-HTTP/1.3 (0.7.25.3ubuntu9.4)"
1.0.0.2 - - [22/May/2011:05:40:57 +0200] "GET /debian/dists/jwall/main/binary-amd64/Packages.gz HTTP/1.1" 304 - "-" "Ubuntu APT-HTTP/1.3 (0.7.25.3ubuntu9.4)"
1.0.0.4 - - [22/May/2011:05:45:14 +0200] "GET /yum/jwall/repodata/repomd.xml HTTP/1.1" 200 951 "-" "urlgrabber/3.1.0 yum/3.2.22"
1.0.0.4 - - [22/May/2011:05:45:14 +0200] "GET /yum/jwall-devel/repodata/repomd.xml HTTP/1.1" 200 951 "-" "urlgrabber/3.1.0 yum/3.2.22"
1.0.0.1 - - [22/May/2011:06:20:52 +0200] "GET /debian/dists/jwall/Release.gpg HTTP/1.1" 206 1 "-" "Debian Apt-Cacher-NG/0.5.1"
1.0.0.1 - - [22/May/2011:06:20:57 +0200] "GET /debian/dists/jwall/main/i18n/Translation-en.bz2 HTTP/1.1" 404 328 "-" "Debian Apt-Cacher-NG/0.5.1"
1.0.0.1 - - [22/May/2011:06:20:57 +0200] "GET /debian/dists/jwall/main/i18n/Translation-en_US.bz2 HTTP/1.1" 404 331 "-" "Debian Apt-Cacher-NG/0.5.1"
1.0.0.1 - - [22/May/2011:06:20:57 +0200] "GET /debian/dists/jwall/Release HTTP/1.1" 206 1 "-" "Debian Apt-Cacher-NG/0.5.1"
1.0.0.1 - - [22/May/2011:06:20:57 +0200] "GET /debian/dists/jwall/main/binary-amd64/Packages.bz2 HTTP/1.1" 404 330 "-" "Debian Apt-Cacher-NG/0.5.1"
1.0.0.1 - - [22/May/2011:06:20:57 +0200] "GET /debian/dists/jwall/main/binary-amd64/Packages.gz HTTP/1.1" 206 1 "-" "Debian Apt-Cacher-NG/0.5.1"
1.0.0.3 - - [22/May/2011:06:34:44 +0200] "GET /yum/jwall/repodata/repomd.xml HTTP/1.1" 200 951 "-" "urlgrabber/3.1.0 yum/3.2.22"
1.0.0.3 - - [22/May/2011:06:34:44 +0200] "GET /yum/jwall-devel/repodata/repomd.xml HTTP/1.1" 200 951 "-" "urlgrabber/3.1.0 yum/3.2.22"
1.0.0.4 - - [22/May/2011:06:45:09 +0200] "GET /yum/jwall/repodata/repomd.xml HTTP/1.1" 200 951 "-" "urlgrabber/3.1.0 yum/3.2.22"
1.0.0.4 - - [22/May/2011:06:45:09 +0200] "GET /yum/jwall-devel/repodata/repomd.xml HTTP/1.1" 200 951 "-" "urlgrabber/3.1.0 yum/3.2.22"
1.0.0.5 - - [22/May/2011:07:03:32 +0200] "GET /yum/jwall/repodata/repomd.xml HTTP/1.1" 200 951 "-" "urlgrabber/3.1.0 yum/3.2.22"
1.0.0.1 - - [22/May/2011:07:07:28 +0200] "GET /debian/dists/jwall/Release HTTP/1.1" 206 1 "-" "Debian Apt-Cacher-NG/0.5.1"
1.0.0.1 - - [22/May/2011:07:07:32 +0200] "GET /debian/dists/jwall/Release.gpg HTTP/1.1" 206 1 "-" "Debian Apt-Cacher-NG/0.5.1"
1.0.0.1 - - [22/May/2011:07:07:32 +0200] "GET /debian/dists/jwall/main/binary-amd64/Packages.gz HTTP/1.1" 206 1 "-" "Debian Apt-Cacher-NG/0.5.1"
1.0.0.1 - - [22/May/2011:07:12:48 +0200] "GET /debian/dists/jwall/Release.gpg HTTP/1.1" 206 1 "-" "Debian Apt-Cacher-NG/0.5.1"
1.0.0.1 - - [22/May/2011:07:12:48 +0200] "GET /debian/dists/jwall/main/i18n/Translation-en.bz2 HTTP/1.1" 404 328 "-" "Debian Apt-Cacher-NG/0.5.1"
1.0.0.1 - - [22/May/2011:07:12:48 +0200] "GET /debian/dists/jwall/main/i18n/Translation-en_US.bz2 HTTP/1.1" 404 331 "-" "Debian Apt-Cacher-NG/0.5.1"
1.0.0.1 - - [22/May/2011:07:12:48 +0200] "GET /debian/dists/jwall/Release HTTP/1.1" 206 1 "-" "Debian Apt-Cacher-NG/0.5.1"
1.0.0.1 - - [22/May/2011:07:12:48 +0200] "GET /debian/dists/jwall/main/binary-amd64/Packages.bz2 HTTP/1.1" 404 330 "-" "Debian Apt-Cacher-NG/0.5.1"
1.0.0.1 - - [22/May/2011:07:12:49 +0200] "GET /debian/dists/jwall/main/binary-amd64/Packages.gz HTTP/1.1" 206 1 "-" "Debian Apt-Cacher-NG/0.5.1"
1.0.0.1 - - [22/May/2011:07:20:52 +0200] "GET /debian/dists/jwall/Release.gpg HTTP/1.1" 206 1 "-" "Debian Apt-Cacher-NG/0.5.1"
1.0.0.1 - - [22/May/2011:07:20:52 +0200] "GET /debian/dists/jwall/main/i18n/Translation-en.bz2 HTTP/1.1" 404 328 "-" "Debian Apt-Cacher-NG/0.5.1"
1.0.0.1 - - [22/May/2011:07:20:52 +0200] "GET /debian/dists/jwall/main/i18n/Translation-en_US.bz2 HTTP/1.1" 404 331 "-" "Debian Apt-Cacher-NG/0.5.1"
1.0.0.1 - - [22/May/2011:07:20:52 +0200] "GET /debian/dists/jwall/Release HTTP/1.1" 206 1 "-" "Debian Apt-Cacher-NG/0.5.1"
1.0.0.1 - - [22/May/2011:07:20:52 +0200] "GET /debian/dists/jwall/main/binary-amd64/Packages.bz2 HTTP/1.1" 404 330 "-" "Debian Apt-Cacher-NG/0.5.1"
1.0.0.1 - - [22/May/2011:07:20:53 +0200] "GET /debian/dists/jwall/main/binary-amd64/Packages.gz HTTP/1.1" 206 1 "-" "Debian Apt-Cacher-NG/0.5.1"
1.0.0.3 - - [22/May/2011:07:34:44 +0200] "GET /yum/jwall/repodata/repomd.xml HTTP/1.1" 200 951 "-" "urlgrabber/3.1.0 yum/3.2.22"
1.0.0.3 - - [22/May/2011:07:34:44 +0200] "GET /yum/jwall-devel/repodata/repomd.xml HTTP/1.1" 200 951 "-" "urlgrabber/3.1.0 yum/3.2.22"
1.0.0.4 - - [22/May/2011:07:45:09 +0200] "GET /yum/jwall/repodata/repomd.xml HTTP/1.1" 200 951 "-" "urlgrabber/3.1.0 yum/3.2.22"
1.0.0.4 - - [22/May/2011:07:45:09 +0200] "GET /yum/jwall-devel/repodata/repomd.xml HTTP/1.1" 200 951 "-" "urlgrabber/3.1.0 yum/3.2.22"
1.0.0.5 - - [22/May/2011:08:03:32 +0200] "GET /yum/jwall/repodata/repomd.xml HTTP/1.1" 200 951 "-" "urlgrabber/3.1.0 yum/3.2.22"
1.0.0.21 - - [22/May/2011:08:07:03 +0200] "GET /debian/dists/jwall-devel/InRelease HTTP/1.1" 404 315 "-" "Debian APT-HTTP/1.3 (0.8.13.2ubuntu3)"
1.0.0.21 - - [22/May/2011:08:07:03 +0200] "GET /debian/dists/jwall-devel/Release.gpg HTTP/1.1" 304 - "-" "Debian APT-HTTP/1.3 (0.8.13.2ubuntu3)"
1.0.0.21 - - [22/May/2011:08:07:03 +0200] "GET /debian/dists/jwall-devel/Release HTTP/1.1" 304 - "-" "Debian APT-HTTP/1.3 (0.8.13.2ubuntu3)"
1.0.0.21 - - [22/May/2011:08:07:04 +0200] "GET /debian/dists/jwall-devel/main/binary-amd64/Packages.gz HTTP/1.1" 304 - "-" "Debian APT-HTTP/1.3 (0.8.13.2ubuntu3)"
1.0.0.21 - - [22/May/2011:08:07:04 +0200] "GET /debian/dists/jwall-devel/main/i18n/Index HTTP/1.1" 404 321 "-" "Debian APT-HTTP/1.3 (0.8.13.2ubuntu3)"
1.0.0.21 - - [22/May/2011:08:07:04 +0200] "GET /debian/dists/jwall-devel/main/i18n/Translation-de_DE.bz2 HTTP/1.1" 404 337 "-" "Debian APT-HTTP/1.3 (0.8.13.2ubuntu3)"
1.0.0.21 - - [22/May/2011:08:07:04 +0200] "GET /debian/dists/jwall-devel/main/i18n/Translation-de.bz2 HTTP/1.1" 404 334 "-" "Debian APT-HTTP/1.3 (0.8.13.2ubuntu3)"
1.0.0.21 - - [22/May/2011:08:07:04 +0200] "GET /debian/dists/jwall-devel/main/i18n/Translation-en.bz2 HTTP/1.1" 404 334 "-" "Debian APT-HTTP/1.3 (0.8.13.2ubuntu3)"
1.0.0.21 - - [22/May/2011:08:07:04 +0200] "GET /debian/dists/jwall-devel/main/i18n/Translation-de_DE.xz HTTP/1.1" 404 336 "-" "Debian APT-HTTP/1.3 (0.8.13.2ubuntu3)"
1.0.0.21 - - [22/May/2011:08:07:05 +0200] "GET /debian/dists/jwall-devel/main/i18n/Translation-de.xz HTTP/1.1" 404 333 "-" "Debian APT-HTTP/1.3 (0.8.13.2ubuntu3)"
1.0.0.21 - - [22/May/2011:08:07:05 +0200] "GET /debian/dists/jwall-devel/main/i18n/Translation-en.xz HTTP/1.1" 404 333 "-" "Debian APT-HTTP/1.3 (0.8.13.2ubuntu3)"
1.0.0.21 - - [22/May/2011:08:07:05 +0200] "GET /debian/dists/jwall-devel/main/i18n/Translation-de_DE.lzma HTTP/1.1" 404 338 "-" "Debian APT-HTTP/1.3 (0.8.13.2ubuntu3)"
1.0.0.21 - - [22/May/2011:08:07:05 +0200] "GET /debian/dists/jwall-devel/main/i18n/Translation-de.lzma HTTP/1.1" 404 335 "-" "Debian APT-HTTP/1.3 (0.8.13.2ubuntu3)"
1.0.0.21 - - [22/May/2011:08:07:05 +0200] "GET /debian/dists/jwall-devel/main/i18n/Translation-en.lzma HTTP/1.1" 404 335 "-" "Debian APT-HTTP/1.3 (0.8.13.2ubuntu3)"
1.0.0.21 - - [22/May/2011:08:07:05 +0200] "GET /debian/dists/jwall-devel/main/i18n/Translation-de_DE.gz HTTP/1.1" 404 336 "-" "Debian APT-HTTP/1.3 (0.8.13.2ubuntu3)"
1.0.0.21 - - [22/May/2011:08:07:05 +0200] "GET /debian/dists/jwall-devel/main/i18n/Translation-de.gz HTTP/1.1" 404 333 "-" "Debian APT-HTTP/1.3 (0.8.13.2ubuntu3)"
1.0.0.21 - - [22/May/2011:08:07:06 +0200] "GET /debian/dists/jwall-devel/main/i18n/Translation-en.gz HTTP/1.1" 404 333 "-" "Debian APT-HTTP/1.3 (0.8.13.2ubuntu3)"
1.0.0.21 - - [22/May/2011:08:07:06 +0200] "GET /debian/dists/jwall-devel/main/i18n/Translation-de_DE HTTP/1.1" 404 333 "-" "Debian APT-HTTP/1.3 (0.8.13.2ubuntu3)"
1.0.0.21 - - [22/May/2011:08:07:06 +0200] "GET /debian/dists/jwall-devel/main/i18n/Translation-de HTTP/1.1" 404 330 "-" "Debian APT-HTTP/1.3 (0.8.13.2ubuntu3)"
1.0.0.21 - - [22/May/2011:08:07:06 +0200] "GET /debian/dists/jwall-devel/main/i18n/Translation-en HTTP/1.1" 404 330 "-" "Debian APT-HTTP/1.3 (0.8.13.2ubuntu3)"
1.0.0.11 - - [22/May/2011:08:10:39 +0200] "GET /debian/dists/jwall-devel/InRelease HTTP/1.1" 404 315 "-" "Debian APT-HTTP/1.3 (0.8.13.2ubuntu3)"
1.0.0.11 - - [22/May/2011:08:10:40 +0200] "GET /debian/dists/jwall-devel/Release.gpg HTTP/1.1" 304 - "-" "Debian APT-HTTP/1.3 (0.8.13.2ubuntu3)"
1.0.0.11 - - [22/May/2011:08:10:40 +0200] "GET /debian/dists/jwall-devel/Release HTTP/1.1" 304 - "-" "Debian APT-HTTP/1.3 (0.8.13.2ubuntu3)"
1.0.0.11 - - [22/May/2011:08:10:40 +0200] "GET /debian/dists/jwall-devel/main/binary-amd64/Packages.gz HTTP/1.1" 304 - "-" "Debian APT-HTTP/1.3 (0.8.13.2ubuntu3)"
1.0.0.11 - - [22/May/2011:08:10:40 +0200] "GET /debian/dists/jwall-devel/main/i18n/Index HTTP/1.1" 404 321 "-" "Debian APT-HTTP/1.3 (0.8.13.2ubuntu3)"
1.0.0.11 - - [22/May/2011:08:10:40 +0200] "GET /debian/dists/jwall-devel/main/i18n/Translation-de_DE.bz2 HTTP/1.1" 404 337 "-" "Debian APT-HTTP/1.3 (0.8.13.2ubuntu3)"
1.0.0.11 - - [22/May/2011:08:10:40 +0200] "GET /debian/dists/jwall-devel/main/i18n/Translation-de.bz2 HTTP/1.1" 404 334 "-" "Debian APT-HTTP/1.3 (0.8.13.2ubuntu3)"
1.0.0.11 - - [22/May/2011:08:10:40 +0200] "GET /debian/dists/jwall-devel/main/i18n/Translation-en.bz2 HTTP/1.1" 404 334 "-" "Debian APT-HTTP/1.3 (0.8.13.2ubuntu3)"
1.0.0.11 - - [22/May/2011:08:10:40 +0200] "GET /debian/dists/jwall-devel/main/i18n/Translation-de_DE.xz HTTP/1.1" 404 336 "-" "Debian APT-HTTP/1.3 (0.8.13.2ubuntu3)"
1.0.0.11 - - [22/May/2011:08:10:40 +0200] "GET /debian/dists/jwall-devel/main/i18n/Translation-de.xz HTTP/1.1" 404 333 "-" "Debian APT-HTTP/1.3 (0.8.13.2ubuntu3)"
1.0.0.11 - - [22/May/2011:08:10:40 +0200] "GET /debian/dists/jwall-devel/main/i18n/Translation-en.xz HTTP/1.1" 404 333 "-" "Debian APT-HTTP/1.3 (0.8.13.2ubuntu3)"
1.0.0.11 - - [22/May/2011:08:10:40 +0200] "GET /debian/dists/jwall-devel/main/i18n/Translation-de_DE.lzma HTTP/1.1" 404 338 "-" "Debian APT-HTTP/1.3 (0.8.13.2ubuntu3)"
1.0.0.11 - - [22/May/2011:08:10:40 +0200] "GET /debian/dists/jwall-devel/main/i18n/Translation-de.lzma HTTP/1.1" 404 335 "-" "Debian APT-HTTP/1.3 (0.8.13.2ubuntu3)"
1.0.0.11 - - [22/May/2011:08:10:40 +0200] "GET /debian/dists/jwall-devel/main/i18n/Translation-en.lzma HTTP/1.1" 404 335 "-" "Debian APT-HTTP/1.3 (0.8.13.2ubuntu3)"
1.0.0.11 - - [22/May/2011:08:10:40 +0200] "GET /debian/dists/jwall-devel/main/i18n/Translation-de_DE.gz HTTP/1.1" 404 336 "-" "Debian APT-HTTP/1.3 (0.8.13.2ubuntu3)"
1.0.0.11 - - [22/May/2011:08:10:40 +0200] "GET /debian/dists/jwall-devel/main/i18n/Translation-de.gz HTTP/1.1" 404 333 "-" "Debian APT-HTTP/1.3 (0.8.13.2ubuntu3)"
1.0.0.11 - - [22/May/2011:08:10:40 +0200] "GET /debian/dists/jwall-devel/main/i18n/Translation-en.gz HTTP/1.1" 404 333 "-" "Debian APT-HTTP/1.3 (0.8.13.2ubuntu3)"
1.0.0.11 - - [22/May/2011:08:10:40 +0200] "GET /debian/dists/jwall-devel/main/i18n/Translation-de_DE HTTP/1.1" 404 333 "-" "Debian APT-HTTP/1.3 (0.8.13.2ubuntu3)"
1.0.0.11 - - [22/May/2011:08:10:40 +0200] "GET /debian/dists/jwall-devel/main/i18n/Translation-de HTTP/1.1" 404 330 "-" "Debian APT-HTTP/1.3 (0.8.13.2ubuntu3)"
1.0.0.11 - - [22/May/2011:08:10:40 +0200] "GET /debian/dists/jwall-devel/main/i18n/Translation-en HTTP/1.1" 404 330 "-" "Debian APT-HTTP/1.3 (0.8.13.2ubuntu3)"
1.0.0.12 - - [22/May/2011:08:20:26 +0200] "GET /AuditConsole HTTP/1.1" 301 330 "http://www.jwall.org/web/audit/console/download.jsp" "Mozilla/5.0 (X11; Linux x86_64; rv:2.0.1) Gecko/20100101 Firefox/4.0.1"
1.0.0.12 - - [22/May/2011:08:20:27 +0200] "GET /AuditConsole/ HTTP/1.1" 200 1775 "http://www.jwall.org/web/audit/console/download.jsp" "Mozilla/5.0 (X11; Linux x86_64; rv:2.0.1) Gecko/20100101 Firefox/4.0.1"
1.0.0.12 - - [22/May/2011:08:20:27 +0200] "GET /icons/blank.gif HTTP/1.1" 200 148 "http://download.jwall.org/AuditConsole/" "Mozilla/5.0 (X11; Linux x86_64; rv:2.0.1) Gecko/20100101 Firefox/4.0.1"
1.0.0.12 - - [22/May/2011:08:20:27 +0200] "GET /icons/back.gif HTTP/1.1" 200 216 "http://download.jwall.org/AuditConsole/" "Mozilla/5.0 (X11; Linux x86_64; rv:2.0.1) Gecko/20100101 Firefox/4.0.1"
1.0.0.12 - - [22/May/2011:08:20:27 +0200] "GET /icons/folder.gif HTTP/1.1" 200 225 "http://download.jwall.org/AuditConsole/" "Mozilla/5.0 (X11; Linux x86_64; rv:2.0.1) Gecko/20100101 Firefox/4.0.1"
1.0.0.12 - - [22/May/2011:08:20:28 +0200] "GET /favicon.ico HTTP/1.1" 404 292 "-" "Mozilla/5.0 (X11; Linux x86_64; rv:2.0.1) Gecko/20100101 Firefox/4.0.1"
1.0.0.12 - - [22/May/2011:08:20:28 +0200] "GET /favicon.ico HTTP/1.1" 404 292 "-" "Mozilla/5.0 (X11; Linux x86_64; rv:2.0.1) Gecko/20100101 Firefox/4.0.1"
1.0.0.12 - - [22/May/2011:08:20:35 +0200] "GET /AuditConsole/0.4.3/ HTTP/1.1" 200 1421 "http://download.jwall.org/AuditConsole/" "Mozilla/5.0 (X11; Linux x86_64; rv:2.0.1) Gecko/20100101 Firefox/4.0.1"
1.0.0.12 - - [22/May/2011:08:20:36 +0200] "GET /icons/compressed.gif HTTP/1.1" 200 1038 "http://download.jwall.org/AuditConsole/0.4.3/" "Mozilla/5.0 (X11; Linux x86_64; rv:2.0.1) Gecko/20100101 Firefox/4.0.1"
1.0.0.12 - - [22/May/2011:08:20:36 +0200] "GET /icons/unknown.gif HTTP/1.1" 200 245 "http://download.jwall.org/AuditConsole/0.4.3/" "Mozilla/5.0 (X11; Linux x86_64; rv:2.0.1) Gecko/20100101 Firefox/4.0.1"
1.0.0.12 - - [22/May/2011:08:20:40 +0200] "GET /AuditConsole/0.4.3/AuditConsole-0.4.3-dev-standalone.zip HTTP/1.1" 200 52340938 "http://download.jwall.org/AuditConsole/0.4.3/" "Mozilla/5.0 (X11; Linux x86_64; rv:2.0.1) Gecko/20100101 Firefox/4.0.1"
1.0.0.12 - - [22/May/2011:08:20:47 +0200] "GET /AuditConsole/0.4.3/AuditConsole-0.4.3-dev.war HTTP/1.1" 200 44431538 "http://download.jwall.org/AuditConsole/0.4.3/" "Mozilla/5.0 (X11; Linux x86_64; rv:2.0.1) Gecko/20100101 Firefox/4.0.1"
1.0.0.1 - - [22/May/2011:08:20:53 +0200] "GET /debian/dists/jwall/Release.gpg HTTP/1.1" 206 1 "-" "Debian Apt-Cacher-NG/0.5.1"
1.0.0.1 - - [22/May/2011:08:20:53 +0200] "GET /debian/dists/jwall/main/i18n/Translation-en.bz2 HTTP/1.1" 404 328 "-" "Debian Apt-Cacher-NG/0.5.1"
1.0.0.1 - - [22/May/2011:08:20:53 +0200] "GET /debian/dists/jwall/main/i18n/Translation-en_US.bz2 HTTP/1.1" 404 331 "-" "Debian Apt-Cacher-NG/0.5.1"
1.0.0.1 - - [22/May/2011:08:20:53 +0200] "GET /debian/dists/jwall/Release HTTP/1.1" 206 1 "-" "Debian Apt-Cacher-NG/0.5.1"
1.0.0.1 - - [22/May/2011:08:20:53 +0200] "GET /debian/dists/jwall/main/binary-amd64/Packages.bz2 HTTP/1.1" 404 330 "-" "Debian Apt-Cacher-NG/0.5.1"
1.0.0.1 - - [22/May/2011:08:20:53 +0200] "GET /debian/dists/jwall/main/binary-amd64/Packages.gz HTTP/1.1" 206 1 "-" "Debian Apt-Cacher-NG/0.5.1"
1.0.0.12 - - [22/May/2011:08:20:52 +0200] "GET /AuditConsole/0.4.3/AuditConsole-0.4.3-dev.war HTTP/1.1" 206 11106912 "http://download.jwall.org/AuditConsole/0.4.3/" "Mozilla/5.0 (X11; Linux x86_64; rv:2.0.1) Gecko/20100101 Firefox/4.0.1"
1.0.0.12 - - [22/May/2011:08:20:52 +0200] "GET /AuditConsole/0.4.3/AuditConsole-0.4.3-dev.war HTTP/1.1" 206 33320739 "http://download.jwall.org/AuditConsole/0.4.3/" "Mozilla/5.0 (X11; Linux x86_64; rv:2.0.1) Gecko/20100101 Firefox/4.0.1"
1.0.0.12 - - [22/May/2011:08:24:20 +0200] "GET /AuditConsole/0.4.3/AuditConsole-0.4.3-dev.war HTTP/1.1" 206 11647083 "http://download.jwall.org/AuditConsole/0.4.3/" "Mozilla/5.0 (X11; Linux x86_64; rv:2.0.1) Gecko/20100101 Firefox/4.0.1"
1.0.0.12 - - [22/May/2011:08:20:52 +0200] "GET /AuditConsole/0.4.3/AuditConsole-0.4.3-dev.war HTTP/1.1" 206 22213826 "http://download.jwall.org/AuditConsole/0.4.3/" "Mozilla/5.0 (X11; Linux x86_64; rv:2.0.1) Gecko/20100101 Firefox/4.0.1"
1.0.0.12 - - [22/May/2011:08:20:51 +0200] "GET /AuditConsole/0.4.3/AuditConsole-0.4.3-dev.war HTTP/1.1" 200 44431538 "http://download.jwall.org/AuditConsole/0.4.3/" "Mozilla/5.0 (X11; Linux x86_64; rv:2.0.1) Gecko/20100101 Firefox/4.0.1"
1.0.0.12 - - [22/May/2011:08:20:45 +0200] "GET /AuditConsole/0.4.3/AuditConsole-0.4.3-dev-standalone.zip HTTP/1.1" 206 39244453 "http://download.jwall.org/AuditConsole/0.4.3/" "Mozilla/5.0 (X11; Linux x86_64; rv:2.0.1) Gecko/20100101 Firefox/4.0.1"
1.0.0.12 - - [22/May/2011:08:24:38 +0200] "GET /AuditConsole/0.4.3/AuditConsole-0.4.3-dev-standalone.zip HTTP/1.1" 206 13706735 "http://download.jwall.org/AuditConsole/0.4.3/" "Mozilla/5.0 (X11; Linux x86_64; rv:2.0.1) Gecko/20100101 Firefox/4.0.1"
1.0.0.12 - - [22/May/2011:08:20:45 +0200] "GET /AuditConsole/0.4.3/AuditConsole-0.4.3-dev-standalone.zip HTTP/1.1" 206 26162969 "http://download.jwall.org/AuditConsole/0.4.3/" "Mozilla/5.0 (X11; Linux x86_64; rv:2.0.1) Gecko/20100101 Firefox/4.0.1"
1.0.0.12 - - [22/May/2011:08:20:44 +0200] "GET /AuditConsole/0.4.3/AuditConsole-0.4.3-dev-standalone.zip HTTP/1.1" 200 52340938 "http://download.jwall.org/AuditConsole/0.4.3/" "Mozilla/5.0 (X11; Linux x86_64; rv:2.0.1) Gecko/20100101 Firefox/4.0.1"
1.0.0.12 - - [22/May/2011:08:20:45 +0200] "GET /AuditConsole/0.4.3/AuditConsole-0.4.3-dev-standalone.zip HTTP/1.1" 206 13081484 "http://download.jwall.org/AuditConsole/0.4.3/" "Mozilla/5.0 (X11; Linux x86_64; rv:2.0.1) Gecko/20100101 Firefox/4.0.1"
1.0.0.13 - - [22/May/2011:08:29:16 +0200] "GET /debian/dists/jwall/Release.gpg HTTP/1.0" 304 - "-" "Ubuntu APT-HTTP/1.3 (0.7.25.3ubuntu9.3)"
1.0.0.13 - - [22/May/2011:08:29:16 +0200] "GET /debian/dists/jwall/Release HTTP/1.0" 304 - "-" "Ubuntu APT-HTTP/1.3 (0.7.25.3ubuntu9.3)"
1.0.0.13 - - [22/May/2011:08:29:16 +0200] "GET /debian/dists/jwall/main/binary-i386/Packages.bz2 HTTP/1.0" 404 329 "-" "Ubuntu APT-HTTP/1.3 (0.7.25.3ubuntu9.3)"
1.0.0.13 - - [22/May/2011:08:29:16 +0200] "GET /debian/dists/jwall/main/binary-i386/Packages.lzma HTTP/1.0" 404 330 "-" "Ubuntu APT-HTTP/1.3 (0.7.25.3ubuntu9.3)"
1.0.0.13 - - [22/May/2011:08:29:16 +0200] "GET /debian/dists/jwall/main/binary-i386/Packages.gz HTTP/1.0" 304 - "-" "Ubuntu APT-HTTP/1.3 (0.7.25.3ubuntu9.3)"
1.0.0.3 - - [22/May/2011:08:34:44 +0200] "GET /yum/jwall/repodata/repomd.xml HTTP/1.1" 200 951 "-" "urlgrabber/3.1.0 yum/3.2.22"
1.0.0.3 - - [22/May/2011:08:34:44 +0200] "GET /yum/jwall-devel/repodata/repomd.xml HTTP/1.1" 200 951 "-" "urlgrabber/3.1.0 yum/3.2.22"
1.0.0.4 - - [22/May/2011:08:45:09 +0200] "GET /yum/jwall/repodata/repomd.xml HTTP/1.1" 200 951 "-" "urlgrabber/3.1.0 yum/3.2.22"
1.0.0.4 - - [22/May/2011:08:45:09 +0200] "GET /yum/jwall-devel/repodata/repomd.xml HTTP/1.1" 200 951 "-" "urlgrabber/3.1.0 yum/3.2.22"
1.0.0.14 - - [22/May/2011:08:56:28 +0200] "GET /debian/dists/jwall/Release.gpg HTTP/1.1" 304 - "-" "Ubuntu APT-HTTP/1.3 (0.7.25.3ubuntu9.4)"
1.0.0.14 - - [22/May/2011:08:56:29 +0200] "GET /debian/dists/jwall/Release HTTP/1.1" 304 - "-" "Ubuntu APT-HTTP/1.3 (0.7.25.3ubuntu9.4)"
1.0.0.14 - - [22/May/2011:08:56:29 +0200] "GET /debian/dists/jwall/main/binary-amd64/Packages.bz2 HTTP/1.1" 404 330 "-" "Ubuntu APT-HTTP/1.3 (0.7.25.3ubuntu9.4)"
1.0.0.14 - - [22/May/2011:08:56:29 +0200] "GET /debian/dists/jwall/main/binary-amd64/Packages.lzma HTTP/1.1" 404 331 "-" "Ubuntu APT-HTTP/1.3 (0.7.25.3ubuntu9.4)"
1.0.0.14 - - [22/May/2011:08:56:29 +0200] "GET /debian/dists/jwall/main/binary-amd64/Packages.gz HTTP/1.1" 304 - "-" "Ubuntu APT-HTTP/1.3 (0.7.25.3ubuntu9.4)"
1.0.0.5 - - [22/May/2011:09:03:33 +0200] "GET /yum/jwall/repodata/repomd.xml HTTP/1.1" 200 951 "-" "urlgrabber/3.1.0 yum/3.2.22"
1.0.0.15 - - [22/May/2011:09:08:09 +0200] "GET /debian/dists/jwall/Release.gpg HTTP/1.1" 200 190 "-" "Ubuntu APT-HTTP/1.3 (0.7.25.3ubuntu9.3)"
1.0.0.15 - - [22/May/2011:09:08:09 +0200] "GET /debian/dists/jwall/Release HTTP/1.1" 206 1 "-" "Ubuntu APT-HTTP/1.3 (0.7.25.3ubuntu9.3)"
1.0.0.15 - - [22/May/2011:09:08:09 +0200] "GET /debian/dists/jwall/main/binary-amd64/Packages.bz2 HTTP/1.1" 404 330 "-" "Ubuntu APT-HTTP/1.3 (0.7.25.3ubuntu9.3)"
1.0.0.15 - - [22/May/2011:09:08:10 +0200] "GET /debian/dists/jwall/main/binary-amd64/Packages.lzma HTTP/1.1" 404 331 "-" "Ubuntu APT-HTTP/1.3 (0.7.25.3ubuntu9.3)"
1.0.0.15 - - [22/May/2011:09:08:10 +0200] "GET /debian/dists/jwall/main/binary-amd64/Packages.gz HTTP/1.1" 304 - "-" "Ubuntu APT-HTTP/1.3 (0.7.25.3ubuntu9.3)"
1.0.0.1 - - [22/May/2011:09:20:53 +0200] "GET /debian/dists/jwall/Release.gpg HTTP/1.1" 206 1 "-" "Debian Apt-Cacher-NG/0.5.1"
1.0.0.1 - - [22/May/2011:09:20:53 +0200] "GET /debian/dists/jwall/main/i18n/Translation-en.bz2 HTTP/1.1" 404 328 "-" "Debian Apt-Cacher-NG/0.5.1"
1.0.0.1 - - [22/May/2011:09:20:53 +0200] "GET /debian/dists/jwall/main/i18n/Translation-en_US.bz2 HTTP/1.1" 404 331 "-" "Debian Apt-Cacher-NG/0.5.1"
1.0.0.1 - - [22/May/2011:09:20:53 +0200] "GET /debian/dists/jwall/Release HTTP/1.1" 206 1 "-" "Debian Apt-Cacher-NG/0.5.1"
1.0.0.1 - - [22/May/2011:09:20:53 +0200] "GET /debian/dists/jwall/main/binary-amd64/Packages.bz2 HTTP/1.1" 404 330 "-" "Debian Apt-Cacher-NG/0.5.1"
1.0.0.1 - - [22/May/2011:09:20:53 +0200] "GET /debian/dists/jwall/main/binary-amd64/Packages.gz HTTP/1.1" 206 1 "-" "Debian Apt-Cacher-NG/0.5.1"
1.0.0.16 - - [22/May/2011:09:25:17 +0200] "GET /AuditConsole HTTP/1.1" 301 330 "-" "Mozilla/4.0 (compatible; MSIE 8.0; Windows NT 5.1; Trident/4.0; .NET CLR 2.0.50727; .NET CLR 3.0.04506.30; .NET CLR 3.0.04506.648; MS-RTC LM 8; .NET CLR 3.0.4506.2152; .NET CLR 3.5.30729; InfoPath.1; .NET CLR 1.1.4322)"
1.0.0.16 - - [22/May/2011:09:25:17 +0200] "GET /AuditConsole/ HTTP/1.1" 200 1775 "-" "Mozilla/4.0 (compatible; MSIE 8.0; Windows NT 5.1; Trident/4.0; .NET CLR 2.0.50727; .NET CLR 3.0.04506.30; .NET CLR 3.0.04506.648; MS-RTC LM 8; .NET CLR 3.0.4506.2152; .NET CLR 3.5.30729; InfoPath.1; .NET CLR 1.1.4322)"
1.0.0.16 - - [22/May/2011:09:25:28 +0200] "GET /AuditConsole HTTP/1.1" 301 330 "-" "Mozilla/4.0 (compatible; MSIE 8.0; Windows NT 5.1; Trident/4.0; .NET CLR 2.0.50727; .NET CLR 3.0.04506.30; .NET CLR 3.0.04506.648; MS-RTC LM 8; .NET CLR 3.0.4506.2152; .NET CLR 3.5.30729; InfoPath.1; .NET CLR 1.1.4322)"
1.0.0.16 - - [22/May/2011:09:25:38 +0200] "GET /AuditConsole HTTP/1.1" 301 330 "-" "Mozilla/4.0 (compatible; MSIE 8.0; Windows NT 5.1; Trident/4.0; .NET CLR 2.0.50727; .NET CLR 3.0.04506.30; .NET CLR 3.0.04506.648; MS-RTC LM 8; .NET CLR 3.0.4506.2152; .NET CLR 3.5.30729; InfoPath.1; .NET CLR 1.1.4322)"
1.0.0.16 - - [22/May/2011:09:25:39 +0200] "GET /AuditConsole/ HTTP/1.1" 200 1775 "-" "Mozilla/4.0 (compatible; MSIE 8.0; Windows NT 5.1; Trident/4.0; .NET CLR 2.0.50727; .NET CLR 3.0.04506.30; .NET CLR 3.0.04506.648; MS-RTC LM 8; .NET CLR 3.0.4506.2152; .NET CLR 3.5.30729; InfoPath.1; .NET CLR 1.1.4322)"
1.0.0.16 - - [22/May/2011:09:25:39 +0200] "GET /icons/blank.gif HTTP/1.1" 200 148 "http://download.jwall.org/AuditConsole/" "Mozilla/4.0 (compatible; MSIE 8.0; Windows NT 5.1; Trident/4.0; .NET CLR 2.0.50727; .NET CLR 3.0.04506.30; .NET CLR 3.0.04506.648; MS-RTC LM 8; .NET CLR 3.0.4506.2152; .NET CLR 3.5.30729; InfoPath.1; .NET CLR 1.1.4322)"
1.0.0.16 - - [22/May/2011:09:25:39 +0200] "GET /icons/back.gif HTTP/1.1" 200 216 "http://download.jwall.org/AuditConsole/" "Mozilla/4.0 (compatible; MSIE 8.0; Windows NT 5.1; Trident/4.0; .NET CLR 2.0.50727; .NET CLR 3.0.04506.30; .NET CLR 3.0.04506.648; MS-RTC LM 8; .NET CLR 3.0.4506.2152; .NET CLR 3.5.30729; InfoPath.1; .NET CLR 1.1.4322)"
1.0.0.16 - - [22/May/2011:09:25:39 +0200] "GET /icons/folder.gif HTTP/1.1" 200 225 "http://download.jwall.org/AuditConsole/" "Mozilla/4.0 (compatible; MSIE 8.0; Windows NT 5.1; Trident/4.0; .NET CLR 2.0.50727; .NET CLR 3.0.04506.30; .NET CLR 3.0.04506.648; MS-RTC LM 8; .NET CLR 3.0.4506.2152; .NET CLR 3.5.30729; InfoPath.1; .NET CLR 1.1.4322)"
1.0.0.16 - - [22/May/2011:09:25:42 +0200] "GET /favicon.ico HTTP/1.1" 404 292 "-" "Mozilla/4.0 (compatible; MSIE 8.0; Windows NT 5.1; Trident/4.0; .NET CLR 2.0.50727; .NET CLR 3.0.04506.30; .NET CLR 3.0.04506.648; MS-RTC LM 8; .NET CLR 3.0.4506.2152; .NET CLR 3.5.30729; InfoPath.1; .NET CLR 1.1.4322)"
1.0.0.16 - - [22/May/2011:09:25:45 +0200] "GET /AuditConsole/current/ HTTP/1.1" 200 8719 "http://download.jwall.org/AuditConsole/" "Mozilla/4.0 (compatible; MSIE 8.0; Windows NT 5.1; Trident/4.0; .NET CLR 2.0.50727; .NET CLR 3.0.04506.30; .NET CLR 3.0.04506.648; MS-RTC LM 8; .NET CLR 3.0.4506.2152; .NET CLR 3.5.30729; InfoPath.1; .NET CLR 1.1.4322)"
1.0.0.16 - - [22/May/2011:09:25:45 +0200] "GET /icons/text.gif HTTP/1.1" 200 229 "http://download.jwall.org/AuditConsole/current/" "Mozilla/4.0 (compatible; MSIE 8.0; Windows NT 5.1; Trident/4.0; .NET CLR 2.0.50727; .NET CLR 3.0.04506.30; .NET CLR 3.0.04506.648; MS-RTC LM 8; .NET CLR 3.0.4506.2152; .NET CLR 3.5.30729; InfoPath.1; .NET CLR 1.1.4322)"
1.0.0.16 - - [22/May/2011:09:25:45 +0200] "GET /icons/compressed.gif HTTP/1.1" 200 1038 "http://download.jwall.org/AuditConsole/current/" "Mozilla/4.0 (compatible; MSIE 8.0; Windows NT 5.1; Trident/4.0; .NET CLR 2.0.50727; .NET CLR 3.0.04506.30; .NET CLR 3.0.04506.648; MS-RTC LM 8; .NET CLR 3.0.4506.2152; .NET CLR 3.5.30729; InfoPath.1; .NET CLR 1.1.4322)"
1.0.0.16 - - [22/May/2011:09:25:45 +0200] "GET /icons/unknown.gif HTTP/1.1" 200 245 "http://download.jwall.org/AuditConsole/current/" "Mozilla/4.0 (compatible; MSIE 8.0; Windows NT 5.1; Trident/4.0; .NET CLR 2.0.50727; .NET CLR 3.0.04506.30; .NET CLR 3.0.04506.648; MS-RTC LM 8; .NET CLR 3.0.4506.2152; .NET CLR 3.5.30729; InfoPath.1; .NET CLR 1.1.4322)"
1.0.0.16 - - [22/May/2011:09:25:46 +0200] "GET /favicon.ico HTTP/1.1" 404 292 "-" "Mozilla/4.0 (compatible; MSIE 8.0; Windows NT 5.1; Trident/4.0; .NET CLR 2.0.50727; .NET CLR 3.0.04506.30; .NET CLR 3.0.04506.648; MS-RTC LM 8; .NET CLR 3.0.4506.2152; .NET CLR 3.5.30729; InfoPath.1; .NET CLR 1.1.4322)"
1.0.0.16 - - [22/May/2011:09:25:52 +0200] "GET /AuditConsole/current/AuditConsole-0.4.2-1.war HTTP/1.1" 200 43866731 "-" "Mozilla/4.0 (compatible; MSIE 8.0; Windows NT 5.1; Trident/4.0; .NET CLR 2.0.50727; .NET CLR 3.0.04506.30; .NET CLR 3.0.04506.648; MS-RTC LM 8; .NET CLR 3.0.4506.2152; .NET CLR 3.5.30729; InfoPath.1; .NET CLR 1.1.4322)"
1.0.0.3 - - [22/May/2011:09:34:44 +0200] "GET /yum/jwall/repodata/repomd.xml HTTP/1.1" 200 951 "-" "urlgrabber/3.1.0 yum/3.2.22"
1.0.0.3 - - [22/May/2011:09:34:44 +0200] "GET /yum/jwall-devel/repodata/repomd.xml HTTP/1.1" 200 951 "-" "urlgrabber/3.1.0 yum/3.2.22"
1.0.0.4 - - [22/May/2011:09:45:09 +0200] "GET /yum/jwall/repodata/repomd.xml HTTP/1.1" 200 951 "-" "urlgrabber/3.1.0 yum/3.2.22"
1.0.0.4 - - [22/May/2011:09:45:09 +0200] "GET /yum/jwall-devel/repodata/repomd.xml HTTP/1.1" 200 951 "-" "urlgrabber/3.1.0 yum/3.2.22"
1.0.0.1 - - [22/May/2011:10:20:54 +0200] "GET /debian/dists/jwall/Release.gpg HTTP/1.1" 206 1 "-" "Debian Apt-Cacher-NG/0.5.1"
1.0.0.1 - - [22/May/2011:10:20:54 +0200] "GET /debian/dists/jwall/main/i18n/Translation-en.bz2 HTTP/1.1" 404 328 "-" "Debian Apt-Cacher-NG/0.5.1"
1.0.0.1 - - [22/May/2011:10:20:54 +0200] "GET /debian/dists/jwall/main/i18n/Translation-en_US.bz2 HTTP/1.1" 404 331 "-" "Debian Apt-Cacher-NG/0.5.1"
1.0.0.1 - - [22/May/2011:10:20:54 +0200] "GET /debian/dists/jwall/Release HTTP/1.1" 206 1 "-" "Debian Apt-Cacher-NG/0.5.1"
1.0.0.1 - - [22/May/2011:10:20:54 +0200] "GET /debian/dists/jwall/main/binary-amd64/Packages.bz2 HTTP/1.1" 404 330 "-" "Debian Apt-Cacher-NG/0.5.1"
1.0.0.1 - - [22/May/2011:10:20:54 +0200] "GET /debian/dists/jwall/main/binary-amd64/Packages.gz HTTP/1.1" 206 1 "-" "Debian Apt-Cacher-NG/0.5.1"
1.0.0.3 - - [22/May/2011:10:34:45 +0200] "GET /yum/jwall/repodata/repomd.xml HTTP/1.1" 200 951 "-" "urlgrabber/3.1.0 yum/3.2.22"
1.0.0.3 - - [22/May/2011:10:34:45 +0200] "GET /yum/jwall-devel/repodata/repomd.xml HTTP/1.1" 200 951 "-" "urlgrabber/3.1.0 yum/3.2.22"
1.0.0.4 - - [22/May/2011:10:45:09 +0200] "GET /yum/jwall/repodata/repomd.xml HTTP/1.1" 200 951 "-" "urlgrabber/3.1.0 yum/3.2.22"
1.0.0.4 - - [22/May/2011:10:45:09 +0200] "GET /yum/jwall-devel/repodata/repomd.xml HTTP/1.1" 200 951 "-" "urlgrabber/3.1.0 yum/3.2.22"
1.0.0.5 - - [22/May/2011:10:59:17 +0200] "GET /yum/jwall/repodata/repomd.xml HTTP/1.1" 200 951 "-" "urlgrabber/3.1.0 yum/3.2.22"
1.0.0.14 - - [22/May/2011:11:19:19 +0200] "GET /debian/dists/jwall/Release.gpg HTTP/1.1" 200 190 "-" "Ubuntu APT-HTTP/1.3 (0.7.25.3ubuntu9.4)"
1.0.0.14 - - [22/May/2011:11:19:19 +0200] "GET /debian/dists/jwall/main/i18n/Translation-de.bz2 HTTP/1.1" 404 328 "-" "Ubuntu APT-HTTP/1.3 (0.7.25.3ubuntu9.4)"
1.0.0.14 - - [22/May/2011:11:19:19 +0200] "GET /debian/dists/jwall/Release HTTP/1.1" 200 2308 "-" "Ubuntu APT-HTTP/1.3 (0.7.25.3ubuntu9.4)"
1.0.0.14 - - [22/May/2011:11:19:19 +0200] "GET /debian/dists/jwall/main/binary-amd64/Packages.bz2 HTTP/1.1" 404 330 "-" "Ubuntu APT-HTTP/1.3 (0.7.25.3ubuntu9.4)"
1.0.0.14 - - [22/May/2011:11:19:19 +0200] "GET /debian/dists/jwall/main/binary-amd64/Packages.lzma HTTP/1.1" 404 331 "-" "Ubuntu APT-HTTP/1.3 (0.7.25.3ubuntu9.4)"
1.0.0.14 - - [22/May/2011:11:19:19 +0200] "GET /debian/dists/jwall/main/binary-amd64/Packages.gz HTTP/1.1" 200 1031 "-" "Ubuntu APT-HTTP/1.3 (0.7.25.3ubuntu9.4)"
1.0.0.14 - - [22/May/2011:11:19:27 +0200] "GET /debian/pool/main/j/jwall-tools/jwall-tools_0.5.1-1_all.deb HTTP/1.1" 200 2665748 "-" "Ubuntu APT-HTTP/1.3 (0.7.25.3ubuntu9.4)"
1.0.0.1 - - [22/May/2011:11:20:54 +0200] "GET /debian/dists/jwall/Release.gpg HTTP/1.1" 200 190 "-" "Debian Apt-Cacher-NG/0.5.1"
1.0.0.1 - - [22/May/2011:11:20:54 +0200] "GET /debian/dists/jwall/main/i18n/Translation-en.bz2 HTTP/1.1" 404 328 "-" "Debian Apt-Cacher-NG/0.5.1"
1.0.0.1 - - [22/May/2011:11:20:54 +0200] "GET /debian/dists/jwall/main/i18n/Translation-en_US.bz2 HTTP/1.1" 404 331 "-" "Debian Apt-Cacher-NG/0.5.1"
1.0.0.1 - - [22/May/2011:11:20:54 +0200] "GET /debian/dists/jwall/Release HTTP/1.1" 200 2308 "-" "Debian Apt-Cacher-NG/0.5.1"
1.0.0.1 - - [22/May/2011:11:20:54 +0200] "GET /debian/dists/jwall/main/binary-amd64/Packages.bz2 HTTP/1.1" 404 330 "-" "Debian Apt-Cacher-NG/0.5.1"
1.0.0.1 - - [22/May/2011:11:20:55 +0200] "GET /debian/dists/jwall/main/binary-amd64/Packages.gz HTTP/1.1" 200 1031 "-" "Debian Apt-Cacher-NG/0.5.1"
1.0.0.3 - - [22/May/2011:11:34:45 +0200] "GET /yum/jwall/repodata/repomd.xml HTTP/1.1" 200 951 "-" "urlgrabber/3.1.0 yum/3.2.22"
1.0.0.3 - - [22/May/2011:11:34:45 +0200] "GET /yum/jwall-devel/repodata/repomd.xml HTTP/1.1" 200 951 "-" "urlgrabber/3.1.0 yum/3.2.22"
1.0.0.2 - - [22/May/2011:11:44:59 +0200] "GET /debian/dists/jwall/Release.gpg HTTP/1.1" 200 190 "-" "Ubuntu APT-HTTP/1.3 (0.7.25.3ubuntu9.4)"
1.0.0.2 - - [22/May/2011:11:44:59 +0200] "GET /debian/dists/jwall/Release HTTP/1.1" 200 2308 "-" "Ubuntu APT-HTTP/1.3 (0.7.25.3ubuntu9.4)"
1.0.0.2 - - [22/May/2011:11:44:59 +0200] "GET /debian/dists/jwall/main/binary-amd64/Packages.bz2 HTTP/1.1" 404 330 "-" "Ubuntu APT-HTTP/1.3 (0.7.25.3ubuntu9.4)"
1.0.0.2 - - [22/May/2011:11:44:59 +0200] "GET /debian/dists/jwall/main/binary-amd64/Packages.lzma HTTP/1.1" 404 331 "-" "Ubuntu APT-HTTP/1.3 (0.7.25.3ubuntu9.4)"
1.0.0.2 - - [22/May/2011:11:44:59 +0200] "GET /debian/dists/jwall/main/binary-amd64/Packages.gz HTTP/1.1" 200 1028 "-" "Ubuntu APT-HTTP/1.3 (0.7.25.3ubuntu9.4)"
1.0.0.4 - - [22/May/2011:11:45:10 +0200] "GET /yum/jwall/repodata/repomd.xml HTTP/1.1" 200 951 "-" "urlgrabber/3.1.0 yum/3.2.22"
1.0.0.4 - - [22/May/2011:11:45:10 +0200] "GET /yum/jwall/repodata/primary.xml.gz HTTP/1.1" 200 1734 "-" "urlgrabber/3.1.0 yum/3.2.22"
1.0.0.4 - - [22/May/2011:11:45:10 +0200] "GET /yum/jwall-devel/repodata/repomd.xml HTTP/1.1" 200 951 "-" "urlgrabber/3.1.0 yum/3.2.22"
1.0.0.4 - - [22/May/2011:11:49:54 +0200] "GET /yum/jwall/noarch/jwall-tools-0.5.1-1.noarch.rpm HTTP/1.1" 200 2666935 "-" "urlgrabber/3.1.0 yum/3.2.22"
1.0.0.4 - - [22/May/2011:11:51:36 +0200] "GET /yum/jwall/repodata/filelists.xml.gz HTTP/1.1" 200 25801 "-" "urlgrabber/3.1.0 yum/3.2.22"
1.0.0.4 - - [22/May/2011:11:51:57 +0200] "GET /yum/jwall/noarch/jwall-tools-0.5.1-1.noarch.rpm HTTP/1.1" 200 2666935 "-" "urlgrabber/3.1.0 yum/3.2.22"
1.0.0.5 - - [22/May/2011:11:59:17 +0200] "GET /yum/jwall/repodata/repomd.xml HTTP/1.1" 200 951 "-" "urlgrabber/3.1.0 yum/3.2.22"
1.0.0.5 - - [22/May/2011:11:59:17 +0200] "GET /yum/jwall/repodata/primary.xml.gz HTTP/1.1" 200 1736 "-" "urlgrabber/3.1.0 yum/3.2.22"
1.0.0.5 - - [22/May/2011:11:59:19 +0200] "GET /yum/jwall/repodata/filelists.xml.gz HTTP/1.1" 200 25758 "-" "urlgrabber/3.1.0 yum/3.2.22"
1.0.0.5 - - [22/May/2011:11:59:20 +0200] "GET /yum/jwall/repodata/other.xml.gz HTTP/1.1" 200 470 "-" "urlgrabber/3.1.0 yum/3.2.22"
1.0.0.1 - - [22/May/2011:12:20:54 +0200] "GET /debian/dists/jwall/Release.gpg HTTP/1.1" 200 190 "-" "Debian Apt-Cacher-NG/0.5.1"
1.0.0.1 - - [22/May/2011:12:20:54 +0200] "GET /debian/dists/jwall/main/i18n/Translation-en.bz2 HTTP/1.1" 404 328 "-" "Debian Apt-Cacher-NG/0.5.1"
1.0.0.1 - - [22/May/2011:12:20:54 +0200] "GET /debian/dists/jwall/main/i18n/Translation-en_US.bz2 HTTP/1.1" 404 331 "-" "Debian Apt-Cacher-NG/0.5.1"
1.0.0.1 - - [22/May/2011:12:20:54 +0200] "GET /debian/dists/jwall/Release HTTP/1.1" 200 2308 "-" "Debian Apt-Cacher-NG/0.5.1"
1.0.0.1 - - [22/May/2011:12:20:54 +0200] "GET /debian/dists/jwall/main/binary-amd64/Packages.bz2 HTTP/1.1" 404 330 "-" "Debian Apt-Cacher-NG/0.5.1"
1.0.0.1 - - [22/May/2011:12:20:55 +0200] "GET /debian/dists/jwall/main/binary-amd64/Packages.gz HTTP/1.1" 200 1033 "-" "Debian Apt-Cacher-NG/0.5.1"
1.0.0.3 - - [22/May/2011:12:34:45 +0200] "GET /yum/jwall/repodata/repomd.xml HTTP/1.1" 200 951 "-" "urlgrabber/3.1.0 yum/3.2.22"
1.0.0.3 - - [22/May/2011:12:34:45 +0200] "GET /yum/jwall/repodata/primary.xml.gz HTTP/1.1" 200 1736 "-" "urlgrabber/3.1.0 yum/3.2.22"
1.0.0.3 - - [22/May/2011:12:34:45 +0200] "GET /yum/jwall-devel/repodata/repomd.xml HTTP/1.1" 200 951 "-" "urlgrabber/3.1.0 yum/3.2.22"
1.0.0.4 - - [22/May/2011:12:45:15 +0200] "GET /yum/jwall/repodata/repomd.xml HTTP/1.1" 200 951 "-" "urlgrabber/3.1.0 yum/3.2.22"
1.0.0.4 - - [22/May/2011:12:45:15 +0200] "GET /yum/jwall/repodata/primary.xml.gz HTTP/1.1" 200 1736 "-" "urlgrabber/3.1.0 yum/3.2.22"
1.0.0.4 - - [22/May/2011:12:45:15 +0200] "GET /yum/jwall-devel/repodata/repomd.xml HTTP/1.1" 200 951 "-" "urlgrabber/3.1.0 yum/3.2.22"
1.0.0.1 - - [22/May/2011:13:20:54 +0200] "GET /debian/dists/jwall/Release.gpg HTTP/1.1" 206 1 "-" "Debian Apt-Cacher-NG/0.5.1"
1.0.0.1 - - [22/May/2011:13:20:55 +0200] "GET /debian/dists/jwall/main/i18n/Translation-en.bz2 HTTP/1.1" 404 328 "-" "Debian Apt-Cacher-NG/0.5.1"
1.0.0.1 - - [22/May/2011:13:20:55 +0200] "GET /debian/dists/jwall/main/i18n/Translation-en_US.bz2 HTTP/1.1" 404 331 "-" "Debian Apt-Cacher-NG/0.5.1"
1.0.0.1 - - [22/May/2011:13:20:55 +0200] "GET /debian/dists/jwall/Release HTTP/1.1" 206 1 "-" "Debian Apt-Cacher-NG/0.5.1"
1.0.0.1 - - [22/May/2011:13:20:55 +0200] "GET /debian/dists/jwall/main/binary-amd64/Packages.bz2 HTTP/1.1" 404 330 "-" "Debian Apt-Cacher-NG/0.5.1"
1.0.0.1 - - [22/May/2011:13:20:55 +0200] "GET /debian/dists/jwall/main/binary-amd64/Packages.gz HTTP/1.1" 206 1 "-" "Debian Apt-Cacher-NG/0.5.1"
1.0.0.3 - - [22/May/2011:13:34:46 +0200] "GET /yum/jwall/repodata/repomd.xml HTTP/1.1" 200 951 "-" "urlgrabber/3.1.0 yum/3.2.22"
1.0.0.3 - - [22/May/2011:13:34:46 +0200] "GET /yum/jwall-devel/repodata/repomd.xml HTTP/1.1" 200 951 "-" "urlgrabber/3.1.0 yum/3.2.22"
1.0.0.4 - - [22/May/2011:13:45:10 +0200] "GET /yum/jwall/repodata/repomd.xml HTTP/1.1" 200 951 "-" "urlgrabber/3.1.0 yum/3.2.22"
1.0.0.4 - - [22/May/2011:13:45:10 +0200] "GET /yum/jwall-devel/repodata/repomd.xml HTTP/1.1" 200 951 "-" "urlgrabber/3.1.0 yum/3.2.22"
1.0.0.5 - - [22/May/2011:13:59:20 +0200] "GET /yum/jwall/repodata/repomd.xml HTTP/1.1" 200 951 "-" "urlgrabber/3.1.0 yum/3.2.22"
1.0.0.1 - - [22/May/2011:14:20:55 +0200] "GET /debian/dists/jwall/Release.gpg HTTP/1.1" 206 1 "-" "Debian Apt-Cacher-NG/0.5.1"
1.0.0.1 - - [22/May/2011:14:20:55 +0200] "GET /debian/dists/jwall/main/i18n/Translation-en.bz2 HTTP/1.1" 404 328 "-" "Debian Apt-Cacher-NG/0.5.1"
1.0.0.1 - - [22/May/2011:14:20:55 +0200] "GET /debian/dists/jwall/main/i18n/Translation-en_US.bz2 HTTP/1.1" 404 331 "-" "Debian Apt-Cacher-NG/0.5.1"
1.0.0.1 - - [22/May/2011:14:20:55 +0200] "GET /debian/dists/jwall/Release HTTP/1.1" 206 1 "-" "Debian Apt-Cacher-NG/0.5.1"
1.0.0.1 - - [22/May/2011:14:20:55 +0200] "GET /debian/dists/jwall/main/binary-amd64/Packages.bz2 HTTP/1.1" 404 330 "-" "Debian Apt-Cacher-NG/0.5.1"
1.0.0.1 - - [22/May/2011:14:20:55 +0200] "GET /debian/dists/jwall/main/binary-amd64/Packages.gz HTTP/1.1" 206 1 "-" "Debian Apt-Cacher-NG/0.5.1"
1.0.0.3 - - [22/May/2011:14:34:46 +0200] "GET /yum/jwall/repodata/repomd.xml HTTP/1.1" 200 951 "-" "urlgrabber/3.1.0 yum/3.2.22"
1.0.0.3 - - [22/May/2011:14:34:46 +0200] "GET /yum/jwall-devel/repodata/repomd.xml HTTP/1.1" 200 951 "-" "urlgrabber/3.1.0 yum/3.2.22"
1.0.0.4 - - [22/May/2011:14:45:11 +0200] "GET /yum/jwall/repodata/repomd.xml HTTP/1.1" 200 951 "-" "urlgrabber/3.1.0 yum/3.2.22"
1.0.0.4 - - [22/May/2011:14:45:11 +0200] "GET /yum/jwall-devel/repodata/repomd.xml HTTP/1.1" 200 951 "-" "urlgrabber/3.1.0 yum/3.2.22"
1.0.0.1 - - [22/May/2011:15:20:54 +0200] "GET /debian/dists/jwall/Release.gpg HTTP/1.1" 206 1 "-" "Debian Apt-Cacher-NG/0.5.1"
1.0.0.1 - - [22/May/2011:15:20:55 +0200] "GET /debian/dists/jwall/main/i18n/Translation-en.bz2 HTTP/1.1" 404 328 "-" "Debian Apt-Cacher-NG/0.5.1"
1.0.0.1 - - [22/May/2011:15:20:55 +0200] "GET /debian/dists/jwall/main/i18n/Translation-en_US.bz2 HTTP/1.1" 404 331 "-" "Debian Apt-Cacher-NG/0.5.1"
1.0.0.1 - - [22/May/2011:15:20:55 +0200] "GET /debian/dists/jwall/Release HTTP/1.1" 206 1 "-" "Debian Apt-Cacher-NG/0.5.1"
1.0.0.1 - - [22/May/2011:15:20:55 +0200] "GET /debian/dists/jwall/main/binary-amd64/Packages.bz2 HTTP/1.1" 404 330 "-" "Debian Apt-Cacher-NG/0.5.1"
1.0.0.1 - - [22/May/2011:15:20:55 +0200] "GET /debian/dists/jwall/main/binary-amd64/Packages.gz HTTP/1.1" 206 1 "-" "Debian Apt-Cacher-NG/0.5.1"
1.0.0.3 - - [22/May/2011:15:34:46 +0200] "GET /yum/jwall/repodata/repomd.xml HTTP/1.1" 200 951 "-" "urlgrabber/3.1.0 yum/3.2.22"
1.0.0.3 - - [22/May/2011:15:34:46 +0200] "GET /yum/jwall-devel/repodata/repomd.xml HTTP/1.1" 200 951 "-" "urlgrabber/3.1.0 yum/3.2.22"
1.0.0.4 - - [22/May/2011:15:45:11 +0200] "GET /yum/jwall/repodata/repomd.xml HTTP/1.1" 200 951 "-" "urlgrabber/3.1.0 yum/3.2.22"
1.0.0.4 - - [22/May/2011:15:45:11 +0200] "GET /yum/jwall-devel/repodata/repomd.xml HTTP/1.1" 200 951 "-" "urlgrabber/3.1.0 yum/3.2.22"
1.0.0.5 - - [22/May/2011:15:59:18 +0200] "GET /yum/jwall/repodata/repomd.xml HTTP/1.1" 200 951 "-" "urlgrabber/3.1.0 yum/3.2.22"
1.0.0.1 - - [22/May/2011:16:20:55 +0200] "GET /debian/dists/jwall/Release.gpg HTTP/1.1" 206 1 "-" "Debian Apt-Cacher-NG/0.5.1"
1.0.0.1 - - [22/May/2011:16:20:55 +0200] "GET /debian/dists/jwall/main/i18n/Translation-en.bz2 HTTP/1.1" 404 328 "-" "Debian Apt-Cacher-NG/0.5.1"
1.0.0.1 - - [22/May/2011:16:20:55 +0200] "GET /debian/dists/jwall/main/i18n/Translation-en_US.bz2 HTTP/1.1" 404 331 "-" "Debian Apt-Cacher-NG/0.5.1"
1.0.0.1 - - [22/May/2011:16:20:55 +0200] "GET /debian/dists/jwall/Release HTTP/1.1" 206 1 "-" "Debian Apt-Cacher-NG/0.5.1"
1.0.0.1 - - [22/May/2011:16:20:55 +0200] "GET /debian/dists/jwall/main/binary-amd64/Packages.bz2 HTTP/1.1" 404 330 "-" "Debian Apt-Cacher-NG/0.5.1"
1.0.0.1 - - [22/May/2011:16:20:56 +0200] "GET /debian/dists/jwall/main/binary-amd64/Packages.gz HTTP/1.1" 206 1 "-" "Debian Apt-Cacher-NG/0.5.1"
1.0.0.3 - - [22/May/2011:16:34:46 +0200] "GET /yum/jwall/repodata/repomd.xml HTTP/1.1" 200 951 "-" "urlgrabber/3.1.0 yum/3.2.22"
1.0.0.3 - - [22/May/2011:16:34:46 +0200] "GET /yum/jwall-devel/repodata/repomd.xml HTTP/1.1" 200 951 "-" "urlgrabber/3.1.0 yum/3.2.22"
1.0.0.4 - - [22/May/2011:16:45:11 +0200] "GET /yum/jwall/repodata/repomd.xml HTTP/1.1" 200 951 "-" "urlgrabber/3.1.0 yum/3.2.22"
1.0.0.4 - - [22/May/2011:16:45:11 +0200] "GET /yum/jwall-devel/repodata/repomd.xml HTTP/1.1" 200 951 "-" "urlgrabber/3.1.0 yum/3.2.22"
1.0.0.1 - - [22/May/2011:17:20:56 +0200] "GET /debian/dists/jwall/Release.gpg HTTP/1.1" 206 1 "-" "Debian Apt-Cacher-NG/0.5.1"
1.0.0.1 - - [22/May/2011:17:20:56 +0200] "GET /debian/dists/jwall/main/i18n/Translation-en.bz2 HTTP/1.1" 404 328 "-" "Debian Apt-Cacher-NG/0.5.1"
1.0.0.1 - - [22/May/2011:17:20:56 +0200] "GET /debian/dists/jwall/main/i18n/Translation-en_US.bz2 HTTP/1.1" 404 331 "-" "Debian Apt-Cacher-NG/0.5.1"
1.0.0.1 - - [22/May/2011:17:20:56 +0200] "GET /debian/dists/jwall/Release HTTP/1.1" 206 1 "-" "Debian Apt-Cacher-NG/0.5.1"
1.0.0.1 - - [22/May/2011:17:20:56 +0200] "GET /debian/dists/jwall/main/binary-amd64/Packages.bz2 HTTP/1.1" 404 330 "-" "Debian Apt-Cacher-NG/0.5.1"
1.0.0.1 - - [22/May/2011:17:20:57 +0200] "GET /debian/dists/jwall/main/binary-amd64/Packages.gz HTTP/1.1" 206 1 "-" "Debian Apt-Cacher-NG/0.5.1"
1.0.0.3 - - [22/May/2011:17:34:46 +0200] "GET /yum/jwall/repodata/repomd.xml HTTP/1.1" 200 951 "-" "urlgrabber/3.1.0 yum/3.2.22"
1.0.0.3 - - [22/May/2011:17:34:46 +0200] "GET /yum/jwall-devel/repodata/repomd.xml HTTP/1.1" 200 951 "-" "urlgrabber/3.1.0 yum/3.2.22"
1.0.0.4 - - [22/May/2011:17:45:11 +0200] "GET /yum/jwall/repodata/repomd.xml HTTP/1.1" 200 951 "-" "urlgrabber/3.1.0 yum/3.2.22"
1.0.0.4 - - [22/May/2011:17:45:11 +0200] "GET /yum/jwall-devel/repodata/repomd.xml HTTP/1.1" 200 951 "-" "urlgrabber/3.1.0 yum/3.2.22"
1.0.0.2 - - [22/May/2011:17:48:48 +0200] "GET /debian/dists/jwall/Release.gpg HTTP/1.1" 200 190 "-" "Ubuntu APT-HTTP/1.3 (0.7.25.3ubuntu9.4)"
1.0.0.2 - - [22/May/2011:17:48:48 +0200] "GET /debian/dists/jwall/Release HTTP/1.1" 200 2308 "-" "Ubuntu APT-HTTP/1.3 (0.7.25.3ubuntu9.4)"
1.0.0.2 - - [22/May/2011:17:48:48 +0200] "GET /debian/dists/jwall/main/binary-amd64/Packages.bz2 HTTP/1.1" 404 330 "-" "Ubuntu APT-HTTP/1.3 (0.7.25.3ubuntu9.4)"
1.0.0.2 - - [22/May/2011:17:48:48 +0200] "GET /debian/dists/jwall/main/binary-amd64/Packages.lzma HTTP/1.1" 404 331 "-" "Ubuntu APT-HTTP/1.3 (0.7.25.3ubuntu9.4)"
1.0.0.2 - - [22/May/2011:17:48:48 +0200] "GET /debian/dists/jwall/main/binary-amd64/Packages.gz HTTP/1.1" 200 1033 "-" "Ubuntu APT-HTTP/1.3 (0.7.25.3ubuntu9.4)"
1.0.0.5 - - [22/May/2011:17:59:19 +0200] "GET /yum/jwall/repodata/repomd.xml HTTP/1.1" 200 951 "-" "urlgrabber/3.1.0 yum/3.2.22"
1.0.0.1 - - [22/May/2011:18:20:56 +0200] "GET /debian/dists/jwall/Release.gpg HTTP/1.1" 206 1 "-" "Debian Apt-Cacher-NG/0.5.1"
1.0.0.1 - - [22/May/2011:18:20:56 +0200] "GET /debian/dists/jwall/main/i18n/Translation-en.bz2 HTTP/1.1" 404 328 "-" "Debian Apt-Cacher-NG/0.5.1"
1.0.0.1 - - [22/May/2011:18:20:57 +0200] "GET /debian/dists/jwall/main/i18n/Translation-en_US.bz2 HTTP/1.1" 404 331 "-" "Debian Apt-Cacher-NG/0.5.1"
1.0.0.1 - - [22/May/2011:18:20:57 +0200] "GET /debian/dists/jwall/Release HTTP/1.1" 206 1 "-" "Debian Apt-Cacher-NG/0.5.1"
1.0.0.1 - - [22/May/2011:18:20:57 +0200] "GET /debian/dists/jwall/main/binary-amd64/Packages.bz2 HTTP/1.1" 404 330 "-" "Debian Apt-Cacher-NG/0.5.1"
1.0.0.1 - - [22/May/2011:18:20:57 +0200] "GET /debian/dists/jwall/main/binary-amd64/Packages.gz HTTP/1.1" 206 1 "-" "Debian Apt-Cacher-NG/0.5.1"
1.0.0.3 - - [22/May/2011:18:34:46 +0200] "GET /yum/jwall/repodata/repomd.xml HTTP/1.1" 200 951 "-" "urlgrabber/3.1.0 yum/3.2.22"
1.0.0.3 - - [22/May/2011:18:34:46 +0200] "GET /yum/jwall-devel/repodata/repomd.xml HTTP/1.1" 200 951 "-" "urlgrabber/3.1.0 yum/3.2.22"
1.0.0.4 - - [22/May/2011:18:45:12 +0200] "GET /yum/jwall/repodata/repomd.xml HTTP/1.1" 200 951 "-" "urlgrabber/3.1.0 yum/3.2.22"
