1.0.0.4 - - [22/May/2011:18:45:12 +0200] "GET /yum/jwall-devel/repodata/repomd.xml HTTP/1.1" 200 951 "-" "urlgrabber/3.1.0 yum/3.2.22"
1.0.0.5 - - [22/May/2011:18:59:19 +0200] "GET /yum/jwall/repodata/repomd.xml HTTP/1.1" 200 951 "-" "urlgrabber/3.1.0 yum/3.2.22"
1.0.0.1 - - [22/May/2011:19:20:56 +0200] "GET /debian/dists/jwall/Release.gpg HTTP/1.1" 206 1 "-" "Debian Apt-Cacher-NG/0.5.1"
1.0.0.1 - - [22/May/2011:19:20:56 +0200] "GET /debian/dists/jwall/main/i18n/Translation-en.bz2 HTTP/1.1" 404 328 "-" "Debian Apt-Cacher-NG/0.5.1"
1.0.0.1 - - [22/May/2011:19:20:56 +0200] "GET /debian/dists/jwall/main/i18n/Translation-en_US.bz2 HTTP/1.1" 404 331 "-" "Debian Apt-Cacher-NG/0.5.1"
1.0.0.1 - - [22/May/2011:19:20:56 +0200] "GET /debian/dists/jwall/Release HTTP/1.1" 206 1 "-" "Debian Apt-Cacher-NG/0.5.1"
1.0.0.1 - - [22/May/2011:19:20:57 +0200] "GET /debian/dists/jwall/main/binary-amd64/Packages.bz2 HTTP/1.1" 404 330 "-" "Debian Apt-Cacher-NG/0.5.1"
1.0.0.1 - - [22/May/2011:19:20:57 +0200] "GET /debian/dists/jwall/main/binary-amd64/Packages.gz HTTP/1.1" 206 1 "-" "Debian Apt-Cacher-NG/0.5.1"
1.0.0.3 - - [22/May/2011:19:34:46 +0200] "GET /yum/jwall/repodata/repomd.xml HTTP/1.1" 200 951 "-" "urlgrabber/3.1.0 yum/3.2.22"
1.0.0.3 - - [22/May/2011:19:34:47 +0200] "GET /yum/jwall-devel/repodata/repomd.xml HTTP/1.1" 200 951 "-" "urlgrabber/3.1.0 yum/3.2.22"
1.0.0.4 - - [22/May/2011:19:45:12 +0200] "GET /yum/jwall/repodata/repomd.xml HTTP/1.1" 200 951 "-" "urlgrabber/3.1.0 yum/3.2.22"
1.0.0.4 - - [22/May/2011:19:45:12 +0200] "GET /yum/jwall-devel/repodata/repomd.xml HTTP/1.1" 200 951 "-" "urlgrabber/3.1.0 yum/3.2.22"
1.0.0.1 - - [22/May/2011:20:20:57 +0200] "GET /debian/dists/jwall/Release.gpg HTTP/1.1" 206 1 "-" "Debian Apt-Cacher-NG/0.5.1"
1.0.0.1 - - [22/May/2011:20:20:57 +0200] "GET /debian/dists/jwall/main/i18n/Translation-en.bz2 HTTP/1.1" 404 328 "-" "Debian Apt-Cacher-NG/0.5.1"
1.0.0.1 - - [22/May/2011:20:20:57 +0200] "GET /debian/dists/jwall/main/i18n/Translation-en_US.bz2 HTTP/1.1" 404 331 "-" "Debian Apt-Cacher-NG/0.5.1"
1.0.0.1 - - [22/May/2011:20:20:57 +0200] "GET /debian/dists/jwall/Release HTTP/1.1" 206 1 "-" "Debian Apt-Cacher-NG/0.5.1"
1.0.0.1 - - [22/May/2011:20:20:57 +0200] "GET /debian/dists/jwall/main/binary-amd64/Packages.bz2 HTTP/1.1" 404 330 "-" "Debian Apt-Cacher-NG/0.5.1"
1.0.0.1 - - [22/May/2011:20:20:58 +0200] "GET /debian/dists/jwall/main/binary-amd64/Packages.gz HTTP/1.1" 206 1 "-" "Debian Apt-Cacher-NG/0.5.1"
1.0.0.3 - - [22/May/2011:20:34:47 +0200] "GET /yum/jwall/repodata/repomd.xml HTTP/1.1" 200 951 "-" "urlgrabber/3.1.0 yum/3.2.22"
1.0.0.3 - - [22/May/2011:20:34:47 +0200] "GET /yum/jwall-devel/repodata/repomd.xml HTTP/1.1" 200 951 "-" "urlgrabber/3.1.0 yum/3.2.22"
1.0.0.4 - - [22/May/2011:20:45:18 +0200] "GET /yum/jwall/repodata/repomd.xml HTTP/1.1" 200 951 "-" "urlgrabber/3.1.0 yum/3.2.22"
1.0.0.4 - - [22/May/2011:20:45:18 +0200] "GET /yum/jwall-devel/repodata/repomd.xml HTTP/1.1" 200 951 "-" "urlgrabber/3.1.0 yum/3.2.22"
1.0.0.5 - - [22/May/2011:20:59:20 +0200] "GET /yum/jwall/repodata/repomd.xml HTTP/1.1" 200 951 "-" "urlgrabber/3.1.0 yum/3.2.22"
1.0.0.21 - - [22/May/2011:21:10:55 +0200] "GET /debian/dists/jwall-devel/InRelease HTTP/1.1" 404 315 "-" "Debian APT-HTTP/1.3 (0.8.13.2ubuntu3)"
1.0.0.21 - - [22/May/2011:21:10:56 +0200] "GET /debian/dists/jwall-devel/Release.gpg HTTP/1.1" 304 - "-" "Debian APT-HTTP/1.3 (0.8.13.2ubuntu3)"
1.0.0.21 - - [22/May/2011:21:10:56 +0200] "GET /debian/dists/jwall-devel/Release HTTP/1.1" 304 - "-" "Debian APT-HTTP/1.3 (0.8.13.2ubuntu3)"
1.0.0.21 - - [22/May/2011:21:10:56 +0200] "GET /debian/dists/jwall-devel/main/binary-amd64/Packages.gz HTTP/1.1" 304 - "-" "Debian APT-HTTP/1.3 (0.8.13.2ubuntu3)"
1.0.0.21 - - [22/May/2011:21:10:56 +0200] "GET /debian/dists/jwall-devel/main/i18n/Index HTTP/1.1" 404 321 "-" "Debian APT-HTTP/1.3 (0.8.13.2ubuntu3)"
1.0.0.21 - - [22/May/2011:21:10:56 +0200] "GET /debian/dists/jwall-devel/main/i18n/Translation-de_DE.bz2 HTTP/1.1" 404 337 "-" "Debian APT-HTTP/1.3 (0.8.13.2ubuntu3)"
1.0.0.21 - - [22/May/2011:21:10:57 +0200] "GET /debian/dists/jwall-devel/main/i18n/Translation-de.bz2 HTTP/1.1" 404 334 "-" "Debian APT-HTTP/1.3 (0.8.13.2ubuntu3)"
1.0.0.21 - - [22/May/2011:21:10:57 +0200] "GET /debian/dists/jwall-devel/main/i18n/Translation-en.bz2 HTTP/1.1" 404 334 "-" "Debian APT-HTTP/1.3 (0.8.13.2ubuntu3)"
1.0.0.21 - - [22/May/2011:21:10:57 +0200] "GET /debian/dists/jwall-devel/main/i18n/Translation-de_DE.xz HTTP/1.1" 404 336 "-" "Debian APT-HTTP/1.3 (0.8.13.2ubuntu3)"
1.0.0.21 - - [22/May/2011:21:10:57 +0200] "GET /debian/dists/jwall-devel/main/i18n/Translation-de.xz HTTP/1.1" 404 333 "-" "Debian APT-HTTP/1.3 (0.8.13.2ubuntu3)"
1.0.0.21 - - [22/May/2011:21:10:58 +0200] "GET /debian/dists/jwall-devel/main/i18n/Translation-en.xz HTTP/1.1" 404 333 "-" "Debian APT-HTTP/1.3 (0.8.13.2ubuntu3)"
1.0.0.21 - - [22/May/2011:21:10:58 +0200] "GET /debian/dists/jwall-devel/main/i18n/Translation-de_DE.lzma HTTP/1.1" 404 338 "-" "Debian APT-HTTP/1.3 (0.8.13.2ubuntu3)"
1.0.0.21 - - [22/May/2011:21:10:58 +0200] "GET /debian/dists/jwall-devel/main/i18n/Translation-de.lzma HTTP/1.1" 404 335 "-" "Debian APT-HTTP/1.3 (0.8.13.2ubuntu3)"
1.0.0.21 - - [22/May/2011:21:10:58 +0200] "GET /debian/dists/jwall-devel/main/i18n/Translation-en.lzma HTTP/1.1" 404 335 "-" "Debian APT-HTTP/1.3 (0.8.13.2ubuntu3)"
1.0.0.21 - - [22/May/2011:21:10:58 +0200] "GET /debian/dists/jwall-devel/main/i18n/Translation-de_DE.gz HTTP/1.1" 404 336 "-" "Debian APT-HTTP/1.3 (0.8.13.2ubuntu3)"
1.0.0.21 - - [22/May/2011:21:10:58 +0200] "GET /debian/dists/jwall-devel/main/i18n/Translation-de.gz HTTP/1.1" 404 333 "-" "Debian APT-HTTP/1.3 (0.8.13.2ubuntu3)"
1.0.0.21 - - [22/May/2011:21:10:58 +0200] "GET /debian/dists/jwall-devel/main/i18n/Translation-en.gz HTTP/1.1" 404 333 "-" "Debian APT-HTTP/1.3 (0.8.13.2ubuntu3)"
1.0.0.21 - - [22/May/2011:21:10:58 +0200] "GET /debian/dists/jwall-devel/main/i18n/Translation-de_DE HTTP/1.1" 404 333 "-" "Debian APT-HTTP/1.3 (0.8.13.2ubuntu3)"
1.0.0.21 - - [22/May/2011:21:10:59 +0200] "GET /debian/dists/jwall-devel/main/i18n/Translation-de HTTP/1.1" 404 330 "-" "Debian APT-HTTP/1.3 (0.8.13.2ubuntu3)"
1.0.0.21 - - [22/May/2011:21:10:59 +0200] "GET /debian/dists/jwall-devel/main/i18n/Translation-en HTTP/1.1" 404 330 "-" "Debian APT-HTTP/1.3 (0.8.13.2ubuntu3)"
1.0.0.21 - - [22/May/2011:21:13:38 +0200] "GET /yum/jwall/repodata/repomd.xml HTTP/1.1" 200 951 "-" "urlgrabber/3.1.0 yum/3.2.22"
1.0.0.21 - - [22/May/2011:21:13:38 +0200] "GET /yum/jwall/repodata/primary.xml.gz HTTP/1.1" 200 1736 "-" "urlgrabber/3.1.0 yum/3.2.22"
1.0.0.21 - - [22/May/2011:21:14:07 +0200] "GET /yum/jwall/noarch/jwall-tools-0.5.1-2.noarch.rpm HTTP/1.1" 200 2666936 "-" "urlgrabber/3.1.0 yum/3.2.22"
1.0.0.21 - - [22/May/2011:21:15:20 +0200] "GET /yum/jwall/noarch/auditconsole-server-0.4-2.noarch.rpm HTTP/1.1" 200 7272350 "-" "urlgrabber/3.1.0 yum/3.2.22"
1.0.0.1 - - [22/May/2011:21:20:57 +0200] "GET /debian/dists/jwall/Release.gpg HTTP/1.1" 206 1 "-" "Debian Apt-Cacher-NG/0.5.1"
1.0.0.1 - - [22/May/2011:21:20:57 +0200] "GET /debian/dists/jwall/main/i18n/Translation-en.bz2 HTTP/1.1" 404 328 "-" "Debian Apt-Cacher-NG/0.5.1"
1.0.0.1 - - [22/May/2011:21:20:58 +0200] "GET /debian/dists/jwall/main/i18n/Translation-en_US.bz2 HTTP/1.1" 404 331 "-" "Debian Apt-Cacher-NG/0.5.1"
1.0.0.1 - - [22/May/2011:21:20:58 +0200] "GET /debian/dists/jwall/Release HTTP/1.1" 206 1 "-" "Debian Apt-Cacher-NG/0.5.1"
1.0.0.1 - - [22/May/2011:21:20:58 +0200] "GET /debian/dists/jwall/main/binary-amd64/Packages.bz2 HTTP/1.1" 404 330 "-" "Debian Apt-Cacher-NG/0.5.1"
1.0.0.1 - - [22/May/2011:21:20:58 +0200] "GET /debian/dists/jwall/main/binary-amd64/Packages.gz HTTP/1.1" 206 1 "-" "Debian Apt-Cacher-NG/0.5.1"
1.0.0.21 - - [22/May/2011:21:17:00 +0200] "GET /yum/jwall/noarch/auditconsole-0.4.2-4.noarch.rpm HTTP/1.1" 200 44652749 "-" "urlgrabber/3.1.0 yum/3.2.22"
1.0.0.3 - - [22/May/2011:21:34:47 +0200] "GET /yum/jwall/repodata/repomd.xml HTTP/1.1" 200 951 "-" "urlgrabber/3.1.0 yum/3.2.22"
1.0.0.3 - - [22/May/2011:21:34:47 +0200] "GET /yum/jwall-devel/repodata/repomd.xml HTTP/1.1" 200 951 "-" "urlgrabber/3.1.0 yum/3.2.22"
1.0.0.4 - - [22/May/2011:21:45:13 +0200] "GET /yum/jwall/repodata/repomd.xml HTTP/1.1" 200 951 "-" "urlgrabber/3.1.0 yum/3.2.22"
1.0.0.4 - - [22/May/2011:21:45:13 +0200] "GET /yum/jwall-devel/repodata/repomd.xml HTTP/1.1" 200 951 "-" "urlgrabber/3.1.0 yum/3.2.22"
1.0.0.21 - - [22/May/2011:22:12:08 +0200] "GET /yum/jwall/repodata/repomd.xml HTTP/1.1" 200 951 "-" "urlgrabber/3.1.0 yum/3.2.22"
1.0.0.1 - - [22/May/2011:22:20:58 +0200] "GET /debian/dists/jwall/Release.gpg HTTP/1.1" 206 1 "-" "Debian Apt-Cacher-NG/0.5.1"
1.0.0.1 - - [22/May/2011:22:20:58 +0200] "GET /debian/dists/jwall/main/i18n/Translation-en.bz2 HTTP/1.1" 404 328 "-" "Debian Apt-Cacher-NG/0.5.1"
1.0.0.1 - - [22/May/2011:22:20:58 +0200] "GET /debian/dists/jwall/main/i18n/Translation-en_US.bz2 HTTP/1.1" 404 331 "-" "Debian Apt-Cacher-NG/0.5.1"
1.0.0.1 - - [22/May/2011:22:20:58 +0200] "GET /debian/dists/jwall/Release HTTP/1.1" 206 1 "-" "Debian Apt-Cacher-NG/0.5.1"
1.0.0.1 - - [22/May/2011:22:20:58 +0200] "GET /debian/dists/jwall/main/binary-amd64/Packages.bz2 HTTP/1.1" 404 330 "-" "Debian Apt-Cacher-NG/0.5.1"
1.0.0.1 - - [22/May/2011:22:20:58 +0200] "GET /debian/dists/jwall/main/binary-amd64/Packages.gz HTTP/1.1" 206 1 "-" "Debian Apt-Cacher-NG/0.5.1"
1.0.0.23 - - [22/May/2011:22:21:07 +0200] "GET /debian/dists/jwall/Release.gpg HTTP/1.1" 200 190 "-" "Ubuntu APT-HTTP/1.3 (0.7.25.3ubuntu9.4)"
1.0.0.23 - - [22/May/2011:22:21:08 +0200] "GET /debian/dists/jwall/Release HTTP/1.1" 200 2308 "-" "Ubuntu APT-HTTP/1.3 (0.7.25.3ubuntu9.4)"
1.0.0.23 - - [22/May/2011:22:21:08 +0200] "GET /debian/dists/jwall/main/binary-amd64/Packages.bz2 HTTP/1.1" 404 330 "-" "Ubuntu APT-HTTP/1.3 (0.7.25.3ubuntu9.4)"
1.0.0.23 - - [22/May/2011:22:21:09 +0200] "GET /debian/dists/jwall/main/binary-amd64/Packages.lzma HTTP/1.1" 404 331 "-" "Ubuntu APT-HTTP/1.3 (0.7.25.3ubuntu9.4)"
1.0.0.23 - - [22/May/2011:22:21:09 +0200] "GET /debian/dists/jwall/main/binary-amd64/Packages.gz HTTP/1.1" 200 1033 "-" "Ubuntu APT-HTTP/1.3 (0.7.25.3ubuntu9.4)"
1.0.0.5 - - [22/May/2011:22:31:56 +0200] "GET /yum/jwall/repodata/repomd.xml HTTP/1.1" 200 951 "-" "urlgrabber/3.1.0 yum/3.2.22"
1.0.0.3 - - [22/May/2011:22:34:47 +0200] "GET /yum/jwall/repodata/repomd.xml HTTP/1.1" 200 951 "-" "urlgrabber/3.1.0 yum/3.2.22"
1.0.0.3 - - [22/May/2011:22:34:47 +0200] "GET /yum/jwall-devel/repodata/repomd.xml HTTP/1.1" 200 951 "-" "urlgrabber/3.1.0 yum/3.2.22"
1.0.0.4 - - [22/May/2011:22:45:12 +0200] "GET /yum/jwall/repodata/repomd.xml HTTP/1.1" 200 951 "-" "urlgrabber/3.1.0 yum/3.2.22"
1.0.0.4 - - [22/May/2011:22:45:12 +0200] "GET /yum/jwall-devel/repodata/repomd.xml HTTP/1.1" 200 951 "-" "urlgrabber/3.1.0 yum/3.2.22"
1.0.0.21 - - [22/May/2011:23:12:06 +0200] "GET /yum/jwall/repodata/repomd.xml HTTP/1.1" 200 951 "-" "urlgrabber/3.1.0 yum/3.2.22"
1.0.0.1 - - [22/May/2011:23:20:57 +0200] "GET /debian/dists/jwall/Release.gpg HTTP/1.1" 206 1 "-" "Debian Apt-Cacher-NG/0.5.1"
1.0.0.1 - - [22/May/2011:23:20:57 +0200] "GET /debian/dists/jwall/main/i18n/Translation-en.bz2 HTTP/1.1" 404 328 "-" "Debian Apt-Cacher-NG/0.5.1"
1.0.0.1 - - [22/May/2011:23:20:58 +0200] "GET /debian/dists/jwall/main/i18n/Translation-en_US.bz2 HTTP/1.1" 404 331 "-" "Debian Apt-Cacher-NG/0.5.1"
1.0.0.1 - - [22/May/2011:23:20:58 +0200] "GET /debian/dists/jwall/Release HTTP/1.1" 206 1 "-" "Debian Apt-Cacher-NG/0.5.1"
1.0.0.1 - - [22/May/2011:23:20:58 +0200] "GET /debian/dists/jwall/main/binary-amd64/Packages.bz2 HTTP/1.1" 404 330 "-" "Debian Apt-Cacher-NG/0.5.1"
1.0.0.1 - - [22/May/2011:23:20:58 +0200] "GET /debian/dists/jwall/main/binary-amd64/Packages.gz HTTP/1.1" 206 1 "-" "Debian Apt-Cacher-NG/0.5.1"
1.0.0.3 - - [22/May/2011:23:34:47 +0200] "GET /yum/jwall/repodata/repomd.xml HTTP/1.1" 200 951 "-" "urlgrabber/3.1.0 yum/3.2.22"
1.0.0.3 - - [22/May/2011:23:34:48 +0200] "GET /yum/jwall-devel/repodata/repomd.xml HTTP/1.1" 200 951 "-" "urlgrabber/3.1.0 yum/3.2.22"
1.0.0.23 - - [22/May/2011:23:40:12 +0200] "GET /debian/pool/main/a/auditconsole-server/auditconsole-server_0.4-2_all.deb HTTP/1.1" 200 7272770 "-" "Ubuntu APT-HTTP/1.3 (0.7.25.3ubuntu9.4)"
1.0.0.22 - - [22/May/2011:23:42:25 +0200] "GET /AuditConsole/current/ HTTP/1.0" 200 8719 "-" "Mozilla/5.0 (Macintosh; U; Intel Mac OS X 10.6; en-US; rv:1.9.2.16) Gecko/20110319 Firefox/3.6.16"
1.0.0.22 - - [22/May/2011:23:42:26 +0200] "GET /icons/blank.gif HTTP/1.0" 200 148 "http://download.jwall.org/AuditConsole/current/" "Mozilla/5.0 (Macintosh; U; Intel Mac OS X 10.6; en-US; rv:1.9.2.16) Gecko/20110319 Firefox/3.6.16"
1.0.0.22 - - [22/May/2011:23:42:26 +0200] "GET /icons/back.gif HTTP/1.0" 200 216 "http://download.jwall.org/AuditConsole/current/" "Mozilla/5.0 (Macintosh; U; Intel Mac OS X 10.6; en-US; rv:1.9.2.16) Gecko/20110319 Firefox/3.6.16"
1.0.0.22 - - [22/May/2011:23:42:26 +0200] "GET /icons/compressed.gif HTTP/1.0" 200 1038 "http://download.jwall.org/AuditConsole/current/" "Mozilla/5.0 (Macintosh; U; Intel Mac OS X 10.6; en-US; rv:1.9.2.16) Gecko/20110319 Firefox/3.6.16"
1.0.0.22 - - [22/May/2011:23:42:26 +0200] "GET /icons/text.gif HTTP/1.0" 200 229 "http://download.jwall.org/AuditConsole/current/" "Mozilla/5.0 (Macintosh; U; Intel Mac OS X 10.6; en-US; rv:1.9.2.16) Gecko/20110319 Firefox/3.6.16"
1.0.0.22 - - [22/May/2011:23:42:26 +0200] "GET /icons/unknown.gif HTTP/1.0" 200 245 "http://download.jwall.org/AuditConsole/current/" "Mozilla/5.0 (Macintosh; U; Intel Mac OS X 10.6; en-US; rv:1.9.2.16) Gecko/20110319 Firefox/3.6.16"
1.0.0.22 - - [22/May/2011:23:42:26 +0200] "GET /icons/folder.gif HTTP/1.0" 200 225 "http://download.jwall.org/AuditConsole/current/" "Mozilla/5.0 (Macintosh; U; Intel Mac OS X 10.6; en-US; rv:1.9.2.16) Gecko/20110319 Firefox/3.6.16"
1.0.0.22 - - [22/May/2011:23:42:26 +0200] "GET /favicon.ico HTTP/1.0" 404 292 "-" "Mozilla/5.0 (Macintosh; U; Intel Mac OS X 10.6; en-US; rv:1.9.2.16) Gecko/20110319 Firefox/3.6.16"
1.0.0.22 - - [22/May/2011:23:42:38 +0200] "GET /AuditConsole/current/old/ HTTP/1.0" 200 1410 "http://download.jwall.org/AuditConsole/current/" "Mozilla/5.0 (Macintosh; U; Intel Mac OS X 10.6; en-US; rv:1.9.2.16) Gecko/20110319 Firefox/3.6.16"
1.0.0.22 - - [22/May/2011:23:42:57 +0200] "GET /AuditConsole/ HTTP/1.0" 200 1775 "http://download.jwall.org/AuditConsole/current/" "Mozilla/5.0 (Macintosh; U; Intel Mac OS X 10.6; en-US; rv:1.9.2.16) Gecko/20110319 Firefox/3.6.16"
1.0.0.22 - - [22/May/2011:23:43:00 +0200] "GET / HTTP/1.0" 200 2950 "http://download.jwall.org/AuditConsole/" "Mozilla/5.0 (Macintosh; U; Intel Mac OS X 10.6; en-US; rv:1.9.2.16) Gecko/20110319 Firefox/3.6.16"
1.0.0.22 - - [22/May/2011:23:43:06 +0200] "GET /debian/ HTTP/1.0" 200 1414 "http://download.jwall.org/" "Mozilla/5.0 (Macintosh; U; Intel Mac OS X 10.6; en-US; rv:1.9.2.16) Gecko/20110319 Firefox/3.6.16"
1.0.0.22 - - [22/May/2011:23:43:09 +0200] "GET /debian/conf/ HTTP/1.0" 200 906 "http://download.jwall.org/debian/" "Mozilla/5.0 (Macintosh; U; Intel Mac OS X 10.6; en-US; rv:1.9.2.16) Gecko/20110319 Firefox/3.6.16"
1.0.0.22 - - [22/May/2011:23:43:14 +0200] "GET /debian/dists/ HTTP/1.0" 200 1086 "http://download.jwall.org/debian/" "Mozilla/5.0 (Macintosh; U; Intel Mac OS X 10.6; en-US; rv:1.9.2.16) Gecko/20110319 Firefox/3.6.16"
1.0.0.22 - - [22/May/2011:23:43:17 +0200] "GET /debian/dists/jwall/ HTTP/1.0" 200 1279 "http://download.jwall.org/debian/dists/" "Mozilla/5.0 (Macintosh; U; Intel Mac OS X 10.6; en-US; rv:1.9.2.16) Gecko/20110319 Firefox/3.6.16"
1.0.0.22 - - [22/May/2011:23:43:22 +0200] "GET /debian/dists/jwall/Release HTTP/1.0" 200 2308 "http://download.jwall.org/debian/dists/jwall/" "Mozilla/5.0 (Macintosh; U; Intel Mac OS X 10.6; en-US; rv:1.9.2.16) Gecko/20110319 Firefox/3.6.16"
1.0.0.22 - - [22/May/2011:23:43:44 +0200] "GET /debian/dists/jwall/main/ HTTP/1.0" 200 1314 "http://download.jwall.org/debian/dists/jwall/" "Mozilla/5.0 (Macintosh; U; Intel Mac OS X 10.6; en-US; rv:1.9.2.16) Gecko/20110319 Firefox/3.6.16"
1.0.0.22 - - [22/May/2011:23:43:46 +0200] "GET /debian/dists/jwall/main/binary-amd64/ HTTP/1.0" 200 1333 "http://download.jwall.org/debian/dists/jwall/main/" "Mozilla/5.0 (Macintosh; U; Intel Mac OS X 10.6; en-US; rv:1.9.2.16) Gecko/20110319 Firefox/3.6.16"
1.0.0.22 - - [22/May/2011:23:43:52 +0200] "GET /debian/dists/jwall/main/binary-amd64/Packages.gz HTTP/1.0" 200 1033 "http://download.jwall.org/debian/dists/jwall/main/binary-amd64/" "Mozilla/5.0 (Macintosh; U; Intel Mac OS X 10.6; en-US; rv:1.9.2.16) Gecko/20110319 Firefox/3.6.16"
1.0.0.22 - - [22/May/2011:23:44:44 +0200] "GET /debian/dists/jwall/main/ HTTP/1.0" 200 1314 "http://download.jwall.org/debian/dists/jwall/main/binary-amd64/" "Mozilla/5.0 (Macintosh; U; Intel Mac OS X 10.6; en-US; rv:1.9.2.16) Gecko/20110319 Firefox/3.6.16"
1.0.0.22 - - [22/May/2011:23:44:46 +0200] "GET /debian/dists/jwall/ HTTP/1.0" 200 1279 "http://download.jwall.org/debian/dists/jwall/main/" "Mozilla/5.0 (Macintosh; U; Intel Mac OS X 10.6; en-US; rv:1.9.2.16) Gecko/20110319 Firefox/3.6.16"
1.0.0.22 - - [22/May/2011:23:44:47 +0200] "GET /debian/dists/ HTTP/1.0" 200 1086 "http://download.jwall.org/debian/dists/jwall/" "Mozilla/5.0 (Macintosh; U; Intel Mac OS X 10.6; en-US; rv:1.9.2.16) Gecko/20110319 Firefox/3.6.16"
1.0.0.22 - - [22/May/2011:23:44:48 +0200] "GET /debian/ HTTP/1.0" 200 1414 "http://download.jwall.org/debian/dists/" "Mozilla/5.0 (Macintosh; U; Intel Mac OS X 10.6; en-US; rv:1.9.2.16) Gecko/20110319 Firefox/3.6.16"
1.0.0.22 - - [22/May/2011:23:44:49 +0200] "GET / HTTP/1.0" 200 2950 "http://download.jwall.org/debian/" "Mozilla/5.0 (Macintosh; U; Intel Mac OS X 10.6; en-US; rv:1.9.2.16) Gecko/20110319 Firefox/3.6.16"
1.0.0.22 - - [22/May/2011:23:44:53 +0200] "GET /debian/ HTTP/1.0" 200 1414 "http://download.jwall.org/" "Mozilla/5.0 (Macintosh; U; Intel Mac OS X 10.6; en-US; rv:1.9.2.16) Gecko/20110319 Firefox/3.6.16"
1.0.0.22 - - [22/May/2011:23:44:55 +0200] "GET /debian/pool/ HTTP/1.0" 200 892 "http://download.jwall.org/debian/" "Mozilla/5.0 (Macintosh; U; Intel Mac OS X 10.6; en-US; rv:1.9.2.16) Gecko/20110319 Firefox/3.6.16"
1.0.0.22 - - [22/May/2011:23:44:57 +0200] "GET /debian/pool/main/ HTTP/1.0" 200 1071 "http://download.jwall.org/debian/pool/" "Mozilla/5.0 (Macintosh; U; Intel Mac OS X 10.6; en-US; rv:1.9.2.16) Gecko/20110319 Firefox/3.6.16"
1.0.0.22 - - [22/May/2011:23:44:58 +0200] "GET /debian/pool/main/a/ HTTP/1.0" 200 1138 "http://download.jwall.org/debian/pool/main/" "Mozilla/5.0 (Macintosh; U; Intel Mac OS X 10.6; en-US; rv:1.9.2.16) Gecko/20110319 Firefox/3.6.16"
1.0.0.22 - - [22/May/2011:23:45:01 +0200] "GET /debian/pool/main/a/auditconsole-server/ HTTP/1.0" 200 1015 "http://download.jwall.org/debian/pool/main/a/" "Mozilla/5.0 (Macintosh; U; Intel Mac OS X 10.6; en-US; rv:1.9.2.16) Gecko/20110319 Firefox/3.6.16"
1.0.0.4 - - [22/May/2011:23:45:12 +0200] "GET /yum/jwall/repodata/repomd.xml HTTP/1.1" 200 951 "-" "urlgrabber/3.1.0 yum/3.2.22"
1.0.0.4 - - [22/May/2011:23:45:12 +0200] "GET /yum/jwall-devel/repodata/repomd.xml HTTP/1.1" 200 951 "-" "urlgrabber/3.1.0 yum/3.2.22"
1.0.0.23 - - [22/May/2011:23:45:24 +0200] "GET / HTTP/1.1" 200 2950 "-" "Mozilla/5.0 (Windows NT 6.1; WOW64; rv:2.0.1) Gecko/20100101 Firefox/4.0.1"
1.0.0.23 - - [22/May/2011:23:45:25 +0200] "GET /icons/folder.gif HTTP/1.1" 200 225 "http://download.jwall.org/" "Mozilla/5.0 (Windows NT 6.1; WOW64; rv:2.0.1) Gecko/20100101 Firefox/4.0.1"
1.0.0.23 - - [22/May/2011:23:45:25 +0200] "GET /icons/unknown.gif HTTP/1.1" 200 245 "http://download.jwall.org/" "Mozilla/5.0 (Windows NT 6.1; WOW64; rv:2.0.1) Gecko/20100101 Firefox/4.0.1"
1.0.0.23 - - [22/May/2011:23:45:25 +0200] "GET /icons/text.gif HTTP/1.1" 200 229 "http://download.jwall.org/" "Mozilla/5.0 (Windows NT 6.1; WOW64; rv:2.0.1) Gecko/20100101 Firefox/4.0.1"
1.0.0.23 - - [22/May/2011:23:45:25 +0200] "GET /icons/blank.gif HTTP/1.1" 200 148 "http://download.jwall.org/" "Mozilla/5.0 (Windows NT 6.1; WOW64; rv:2.0.1) Gecko/20100101 Firefox/4.0.1"
1.0.0.23 - - [22/May/2011:23:45:26 +0200] "GET /favicon.ico HTTP/1.1" 404 292 "-" "Mozilla/5.0 (Windows NT 6.1; WOW64; rv:2.0.1) Gecko/20100101 Firefox/4.0.1"
1.0.0.23 - - [22/May/2011:23:45:27 +0200] "GET /favicon.ico HTTP/1.1" 404 292 "-" "Mozilla/5.0 (Windows NT 6.1; WOW64; rv:2.0.1) Gecko/20100101 Firefox/4.0.1"
1.0.0.23 - - [22/May/2011:23:45:28 +0200] "GET /favicon.ico HTTP/1.1" 404 292 "-" "Mozilla/5.0 (Windows NT 6.1; WOW64; rv:2.0.1) Gecko/20100101 Firefox/4.0.1"
1.0.0.23 - - [22/May/2011:23:45:28 +0200] "GET /debian/ HTTP/1.1" 200 1414 "http://download.jwall.org/" "Mozilla/5.0 (Windows NT 6.1; WOW64; rv:2.0.1) Gecko/20100101 Firefox/4.0.1"
1.0.0.23 - - [22/May/2011:23:45:29 +0200] "GET /icons/back.gif HTTP/1.1" 200 216 "http://download.jwall.org/debian/" "Mozilla/5.0 (Windows NT 6.1; WOW64; rv:2.0.1) Gecko/20100101 Firefox/4.0.1"
1.0.0.23 - - [22/May/2011:23:45:32 +0200] "GET /debian/pool/ HTTP/1.1" 200 892 "http://download.jwall.org/debian/" "Mozilla/5.0 (Windows NT 6.1; WOW64; rv:2.0.1) Gecko/20100101 Firefox/4.0.1"
1.0.0.23 - - [22/May/2011:23:45:34 +0200] "GET /debian/pool/main/ HTTP/1.1" 200 1071 "http://download.jwall.org/debian/pool/" "Mozilla/5.0 (Windows NT 6.1; WOW64; rv:2.0.1) Gecko/20100101 Firefox/4.0.1"
1.0.0.23 - - [22/May/2011:23:45:36 +0200] "GET /debian/pool/main/a/ HTTP/1.1" 200 1138 "http://download.jwall.org/debian/pool/main/" "Mozilla/5.0 (Windows NT 6.1; WOW64; rv:2.0.1) Gecko/20100101 Firefox/4.0.1"
1.0.0.23 - - [22/May/2011:23:45:38 +0200] "GET /debian/pool/main/a/auditconsole-server/ HTTP/1.1" 200 1015 "http://download.jwall.org/debian/pool/main/a/" "Mozilla/5.0 (Windows NT 6.1; WOW64; rv:2.0.1) Gecko/20100101 Firefox/4.0.1"
1.0.0.23 - - [22/May/2011:23:45:46 +0200] "GET /debian/pool/main/a/auditconsole/ HTTP/1.1" 200 1451 "http://download.jwall.org/debian/pool/main/a/" "Mozilla/5.0 (Windows NT 6.1; WOW64; rv:2.0.1) Gecko/20100101 Firefox/4.0.1"
1.0.0.23 - - [22/May/2011:23:45:39 +0200] "GET /debian/pool/main/a/auditconsole-server/auditconsole-server_0.4-2_all.deb HTTP/1.1" 200 7272770 "http://download.jwall.org/debian/pool/main/a/auditconsole-server/" "Mozilla/5.0 (Windows NT 6.1; WOW64; rv:2.0.1) Gecko/20100101 Firefox/4.0.1"
1.0.0.2 - - [22/May/2011:23:52:21 +0200] "GET /debian/dists/jwall/Release.gpg HTTP/1.1" 304 - "-" "Ubuntu APT-HTTP/1.3 (0.7.25.3ubuntu9.4)"
1.0.0.2 - - [22/May/2011:23:52:21 +0200] "GET /debian/dists/jwall/Release HTTP/1.1" 304 - "-" "Ubuntu APT-HTTP/1.3 (0.7.25.3ubuntu9.4)"
1.0.0.2 - - [22/May/2011:23:52:21 +0200] "GET /debian/dists/jwall/main/binary-amd64/Packages.bz2 HTTP/1.1" 404 330 "-" "Ubuntu APT-HTTP/1.3 (0.7.25.3ubuntu9.4)"
1.0.0.2 - - [22/May/2011:23:52:21 +0200] "GET /debian/dists/jwall/main/binary-amd64/Packages.lzma HTTP/1.1" 404 331 "-" "Ubuntu APT-HTTP/1.3 (0.7.25.3ubuntu9.4)"
1.0.0.2 - - [22/May/2011:23:52:21 +0200] "GET /debian/dists/jwall/main/binary-amd64/Packages.gz HTTP/1.1" 304 - "-" "Ubuntu APT-HTTP/1.3 (0.7.25.3ubuntu9.4)"
1.0.0.23 - - [22/May/2011:23:45:57 +0200] "GET /debian/pool/main/a/auditconsole/auditconsole_0.4.2-4_all.deb HTTP/1.1" 200 44583646 "http://download.jwall.org/debian/pool/main/a/auditconsole/" "Mozilla/5.0 (Windows NT 6.1; WOW64; rv:2.0.1) Gecko/20100101 Firefox/4.0.1"
1.0.0.21 - - [23/May/2011:00:12:08 +0200] "GET /yum/jwall/repodata/repomd.xml HTTP/1.1" 200 951 "-" "urlgrabber/3.1.0 yum/3.2.22"
1.0.0.1 - - [23/May/2011:00:20:58 +0200] "GET /debian/dists/jwall/Release.gpg HTTP/1.1" 206 1 "-" "Debian Apt-Cacher-NG/0.5.1"
1.0.0.1 - - [23/May/2011:00:20:58 +0200] "GET /debian/dists/jwall/main/i18n/Translation-en.bz2 HTTP/1.1" 404 328 "-" "Debian Apt-Cacher-NG/0.5.1"
1.0.0.1 - - [23/May/2011:00:20:58 +0200] "GET /debian/dists/jwall/main/i18n/Translation-en_US.bz2 HTTP/1.1" 404 331 "-" "Debian Apt-Cacher-NG/0.5.1"
1.0.0.1 - - [23/May/2011:00:20:58 +0200] "GET /debian/dists/jwall/Release HTTP/1.1" 206 1 "-" "Debian Apt-Cacher-NG/0.5.1"
1.0.0.1 - - [23/May/2011:00:20:59 +0200] "GET /debian/dists/jwall/main/binary-amd64/Packages.bz2 HTTP/1.1" 404 330 "-" "Debian Apt-Cacher-NG/0.5.1"
1.0.0.1 - - [23/May/2011:00:20:59 +0200] "GET /debian/dists/jwall/main/binary-amd64/Packages.gz HTTP/1.1" 206 1 "-" "Debian Apt-Cacher-NG/0.5.1"
1.0.0.5 - - [23/May/2011:00:31:53 +0200] "GET /yum/jwall/repodata/repomd.xml HTTP/1.1" 200 951 "-" "urlgrabber/3.1.0 yum/3.2.22"
1.0.0.3 - - [23/May/2011:00:34:48 +0200] "GET /yum/jwall/repodata/repomd.xml HTTP/1.1" 200 951 "-" "urlgrabber/3.1.0 yum/3.2.22"
1.0.0.3 - - [23/May/2011:00:34:48 +0200] "GET /yum/jwall-devel/repodata/repomd.xml HTTP/1.1" 200 951 "-" "urlgrabber/3.1.0 yum/3.2.22"
1.0.0.4 - - [23/May/2011:00:45:13 +0200] "GET /yum/jwall/repodata/repomd.xml HTTP/1.1" 200 951 "-" "urlgrabber/3.1.0 yum/3.2.22"
1.0.0.4 - - [23/May/2011:00:45:13 +0200] "GET /yum/jwall-devel/repodata/repomd.xml HTTP/1.1" 200 951 "-" "urlgrabber/3.1.0 yum/3.2.22"
1.0.0.1 - - [23/May/2011:01:20:58 +0200] "GET /debian/dists/jwall/Release.gpg HTTP/1.1" 206 1 "-" "Debian Apt-Cacher-NG/0.5.1"
1.0.0.1 - - [23/May/2011:01:20:58 +0200] "GET /debian/dists/jwall/main/i18n/Translation-en.bz2 HTTP/1.1" 404 328 "-" "Debian Apt-Cacher-NG/0.5.1"
1.0.0.1 - - [23/May/2011:01:20:58 +0200] "GET /debian/dists/jwall/main/i18n/Translation-en_US.bz2 HTTP/1.1" 404 331 "-" "Debian Apt-Cacher-NG/0.5.1"
1.0.0.1 - - [23/May/2011:01:20:59 +0200] "GET /debian/dists/jwall/Release HTTP/1.1" 206 1 "-" "Debian Apt-Cacher-NG/0.5.1"
1.0.0.1 - - [23/May/2011:01:20:59 +0200] "GET /debian/dists/jwall/main/binary-amd64/Packages.bz2 HTTP/1.1" 404 330 "-" "Debian Apt-Cacher-NG/0.5.1"
1.0.0.1 - - [23/May/2011:01:20:59 +0200] "GET /debian/dists/jwall/main/binary-amd64/Packages.gz HTTP/1.1" 206 1 "-" "Debian Apt-Cacher-NG/0.5.1"
1.0.0.5 - - [23/May/2011:01:31:53 +0200] "GET /yum/jwall/repodata/repomd.xml HTTP/1.1" 200 951 "-" "urlgrabber/3.1.0 yum/3.2.22"
1.0.0.3 - - [23/May/2011:01:34:48 +0200] "GET /yum/jwall/repodata/repomd.xml HTTP/1.1" 200 951 "-" "urlgrabber/3.1.0 yum/3.2.22"